01:36:37 <INFO> Started REINVENT 4.6.22 (C) AstraZeneca 2017, 2023 on 2025-09-03
01:36:37 <INFO> Command line: /home/a/miniconda3/envs/reinvent4/bin/reinvent --log-filename reinvent.log -f toml config.toml
01:36:37 <INFO> Reading run configuration from /home/a/REINVENT4/ReinventStudies/pleaseWork/justmol2mol_4_Compounds_ontop/graph-dock/node-reinvent/config.toml using format toml
01:36:37 <INFO> User a on host l4-redo
01:36:37 <INFO> Python version 3.10.18
01:36:37 <INFO> PyTorch version 2.7.1+cu128, git e2d141dbde55c2a4370fac5165b0561b6af4798b
01:36:37 <INFO> PyTorch compiled with CUDA version 12.8
01:36:37 <INFO> RDKit version 2025.03.5
01:36:37 <INFO> Platform Linux-6.1.0-38-cloud-amd64-x86_64-with-glibc2.36
01:36:37 <INFO> CUDA driver version 570.86.10
01:36:37 <INFO> Number of PyTorch CUDA devices 1
01:36:37 <WARN> 'use_cuda' is deprecated, use 'device' instead
01:36:37 <INFO> Using CUDA device:0 NVIDIA L4
01:36:38 <INFO> GPU memory: 22381 MiB free, 22574 MiB total
01:36:38 <INFO> Writing TensorBoard summary to /home/a/REINVENT4/ReinventStudies/pleaseWork/justmol2mol_4_Compounds_ontop/graph-dock/node-reinvent/tb_logs
01:36:38 <INFO> Writing JSON config file to /home/a/REINVENT4/ReinventStudies/pleaseWork/justmol2mol_4_Compounds_ontop/graph-dock/node-reinvent/justmol2mol_4_Compounds_staged_2_learning.json
01:36:38 <INFO> Starting 1 stage of Reinforcement Learning
01:36:38 <ERRO> /home/a/REINVENT4/ReinventStudies/priors/mol2mol_similarity.prior has invalid hash:
{ 'comments': [],
  'creation_date': 0,
  'date_format': 'UNIX epoch',
  'hash_id': '3c6a77904318ad22c299806d686463f5',
  'hash_id_format': 'xxhash.xxh3_128_hex 3.4.1',
  'model_id': '595a7122492447e0b10b11b6cf47b2ae',
  'model_id_format': 'uuid.uuid4 3.10.12',
  'origina_data_source': 'ChEMBL 28',
  'updates': []}
01:36:38 <INFO> Number of network parameters: 17,462,400
01:36:38 <INFO> Network architecture:
EncoderDecoder(
  (encoder): Encoder(
    (layers): ModuleList(
      (0-5): 6 x EncoderLayer(
        (self_attn): MultiHeadedAttention(
          (linears): ModuleList(
            (0-3): 4 x Linear(in_features=256, out_features=256, bias=True)
          )
          (dropout): Dropout(p=0.1, inplace=False)
        )
        (feed_forward): PositionwiseFeedForward(
          (w_1): Linear(in_features=256, out_features=2048, bias=True)
          (w_2): Linear(in_features=2048, out_features=256, bias=True)
          (dropout): Dropout(p=0.1, inplace=False)
        )
        (sublayer): ModuleList(
          (0-1): 2 x SublayerConnection(
            (norm): LayerNorm()
            (dropout): Dropout(p=0.1, inplace=False)
          )
        )
      )
    )
    (norm): LayerNorm()
  )
  (decoder): Decoder(
    (layers): ModuleList(
      (0-5): 6 x DecoderLayer(
        (self_attn): MultiHeadedAttention(
          (linears): ModuleList(
            (0-3): 4 x Linear(in_features=256, out_features=256, bias=True)
          )
          (dropout): Dropout(p=0.1, inplace=False)
        )
        (src_attn): MultiHeadedAttention(
          (linears): ModuleList(
            (0-3): 4 x Linear(in_features=256, out_features=256, bias=True)
          )
          (dropout): Dropout(p=0.1, inplace=False)
        )
        (feed_forward): PositionwiseFeedForward(
          (w_1): Linear(in_features=256, out_features=2048, bias=True)
          (w_2): Linear(in_features=2048, out_features=256, bias=True)
          (dropout): Dropout(p=0.1, inplace=False)
        )
        (sublayer): ModuleList(
          (0-2): 3 x SublayerConnection(
            (norm): LayerNorm()
            (dropout): Dropout(p=0.1, inplace=False)
          )
        )
      )
    )
    (norm): LayerNorm()
  )
  (src_embed): Sequential(
    (0): Embeddings(
      (lut): Embedding(128, 256)
    )
    (1): PositionalEncoding(
      (dropout): Dropout(p=0.1, inplace=False)
    )
  )
  (tgt_embed): Sequential(
    (0): Embeddings(
      (lut): Embedding(128, 256)
    )
    (1): PositionalEncoding(
      (dropout): Dropout(p=0.1, inplace=False)
    )
  )
  (generator): Generator(
    (proj): Linear(in_features=256, out_features=128, bias=True)
  )
)
01:36:39 <INFO> /home/a/REINVENT4/ReinventStudies/priors/justmol2mol_4_compounds_staged_learning_1.chkpt has valid hash:
{ 'comments': ['RL'],
  'creation_date': 0,
  'date_format': 'UNIX epoch',
  'hash_id': '66b6060b35f3fc3eb2943f10d519c62d',
  'hash_id_format': 'xxhash.xxh3_128_hex 3.5.0',
  'model_id': '595a7122492447e0b10b11b6cf47b2ae',
  'model_id_format': 'uuid.uuid4 3.10.12',
  'origina_data_source': 'ChEMBL 28',
  'updates': [1756708181.2555985]}
01:36:39 <INFO> Number of network parameters: 17,462,400
01:36:39 <INFO> Network architecture:
EncoderDecoder(
  (encoder): Encoder(
    (layers): ModuleList(
      (0-5): 6 x EncoderLayer(
        (self_attn): MultiHeadedAttention(
          (linears): ModuleList(
            (0-3): 4 x Linear(in_features=256, out_features=256, bias=True)
          )
          (dropout): Dropout(p=0.1, inplace=False)
        )
        (feed_forward): PositionwiseFeedForward(
          (w_1): Linear(in_features=256, out_features=2048, bias=True)
          (w_2): Linear(in_features=2048, out_features=256, bias=True)
          (dropout): Dropout(p=0.1, inplace=False)
        )
        (sublayer): ModuleList(
          (0-1): 2 x SublayerConnection(
            (norm): LayerNorm()
            (dropout): Dropout(p=0.1, inplace=False)
          )
        )
      )
    )
    (norm): LayerNorm()
  )
  (decoder): Decoder(
    (layers): ModuleList(
      (0-5): 6 x DecoderLayer(
        (self_attn): MultiHeadedAttention(
          (linears): ModuleList(
            (0-3): 4 x Linear(in_features=256, out_features=256, bias=True)
          )
          (dropout): Dropout(p=0.1, inplace=False)
        )
        (src_attn): MultiHeadedAttention(
          (linears): ModuleList(
            (0-3): 4 x Linear(in_features=256, out_features=256, bias=True)
          )
          (dropout): Dropout(p=0.1, inplace=False)
        )
        (feed_forward): PositionwiseFeedForward(
          (w_1): Linear(in_features=256, out_features=2048, bias=True)
          (w_2): Linear(in_features=2048, out_features=256, bias=True)
          (dropout): Dropout(p=0.1, inplace=False)
        )
        (sublayer): ModuleList(
          (0-2): 3 x SublayerConnection(
            (norm): LayerNorm()
            (dropout): Dropout(p=0.1, inplace=False)
          )
        )
      )
    )
    (norm): LayerNorm()
  )
  (src_embed): Sequential(
    (0): Embeddings(
      (lut): Embedding(128, 256)
    )
    (1): PositionalEncoding(
      (dropout): Dropout(p=0.1, inplace=False)
    )
  )
  (tgt_embed): Sequential(
    (0): Embeddings(
      (lut): Embedding(128, 256)
    )
    (1): PositionalEncoding(
      (dropout): Dropout(p=0.1, inplace=False)
    )
  )
  (generator): Generator(
    (proj): Linear(in_features=256, out_features=128, bias=True)
  )
)
01:36:39 <INFO> Using generator Mol2Mol
01:36:39 <INFO> Prior read from /home/a/REINVENT4/ReinventStudies/priors/mol2mol_similarity.prior
01:36:39 <INFO> Agent read from /home/a/REINVENT4/ReinventStudies/priors/justmol2mol_4_compounds_staged_learning_1.chkpt
01:36:39 <INFO> Input molecules/fragments read from file /home/a/REINVENT4/ReinventStudies/mols/Rad51/cam833.smi
01:36:39 <WARN> randomize_smiles was set to True but the model was not trained with randomized SMILES.  Setting randomize_smiles to False.
01:36:39 <INFO> Using reward strategy dap
01:36:39 <INFO> Using diversity filter from /home/a/REINVENT4/ReinventStudies/priors/justmol2mol_4_compounds_staged_learning_1.chkpt
01:36:39 <INFO> Diversity filter memories are retained between stages
01:36:39 <INFO> Registered scoring component ROCSSimilarity
01:36:39 <INFO> Registered scoring component GroupCount
01:36:39 <INFO> Registered scoring component FragmentQed
01:36:39 <INFO> Registered scoring component FragmentSlogP
01:36:39 <INFO> Registered scoring component FragmentMolecularWeight
01:36:39 <INFO> Registered scoring component FragmentTPSA
01:36:39 <INFO> Registered scoring component FragmentDistanceMatrix
01:36:39 <INFO> Registered scoring component FragmentNumAtomStereoCenters
01:36:39 <INFO> Registered scoring component FragmentHBondAcceptors
01:36:39 <INFO> Registered scoring component FragmentHBondDonors
01:36:39 <INFO> Registered scoring component FragmentNumRotBond
01:36:39 <INFO> Registered scoring component FragmentCsp3
01:36:39 <INFO> Registered scoring component Fragmentnumsp
01:36:39 <INFO> Registered scoring component Fragmentnumsp2
01:36:39 <INFO> Registered scoring component Fragmentnumsp3
01:36:39 <INFO> Registered scoring component FragmentEffectiveLength
01:36:39 <INFO> Registered scoring component FragmentGraphLength
01:36:39 <INFO> Registered scoring component FragmentLengthRatio
01:36:39 <INFO> Registered scoring component FragmentNumHeavyAtoms
01:36:39 <INFO> Registered scoring component FragmentNumHeteroAtoms
01:36:39 <INFO> Registered scoring component FragmentNumRings
01:36:39 <INFO> Registered scoring component FragmentNumAromaticRings
01:36:39 <INFO> Registered scoring component FragmentNumAliphaticRings
01:36:39 <INFO> Registered scoring component FragmentSlogP
01:36:39 <INFO> Registered scoring component MatchingSubstructure
01:36:39 <INFO> Registered scoring component MolVolume
01:36:39 <INFO> Registered scoring component Qed
01:36:39 <INFO> Registered scoring component LargestRingSize
01:36:39 <INFO> Registered scoring component MolecularWeight
01:36:39 <INFO> Registered scoring component GraphLength
01:36:39 <INFO> Registered scoring component NumAtomStereoCenters
01:36:39 <INFO> Registered scoring component HBondAcceptors
01:36:39 <INFO> Registered scoring component HBondDonors
01:36:39 <INFO> Registered scoring component NumRotBond
01:36:39 <INFO> Registered scoring component Csp3
01:36:39 <INFO> Registered scoring component numsp
01:36:39 <INFO> Registered scoring component numsp2
01:36:39 <INFO> Registered scoring component numsp3
01:36:39 <INFO> Registered scoring component NumHeavyAtoms
01:36:39 <INFO> Registered scoring component NumHeteroAtoms
01:36:39 <INFO> Registered scoring component NumRings
01:36:39 <INFO> Registered scoring component NumAromaticRings
01:36:39 <INFO> Registered scoring component NumAliphaticRings
01:36:39 <INFO> Registered scoring component SlogP
01:36:39 <INFO> Registered scoring component LargestRingSize
01:36:39 <INFO> Registered scoring component PMI
01:36:39 <INFO> Registered scoring component RDKitDescriptors
01:36:39 <INFO> Registered scoring component TanimotoSimilarity
01:36:39 <INFO> Registered scoring component TanimotoDistance
01:36:39 <INFO> Registered scoring component TPSA
01:36:39 <INFO> Registered scoring component SAScore
01:36:39 <INFO> Registered scoring component Cazp
01:36:40 <INFO> Registered scoring component ChemProp
01:36:40 <INFO> Registered scoring component CustomAlerts
01:36:40 <INFO> Registered scoring component DockStream
01:36:40 <INFO> Registered scoring component ExternalProcess
01:36:40 <INFO> Registered scoring component REST
01:36:40 <INFO> Registered scoring component Icolos
01:36:40 <INFO> Registered scoring component Maize
01:36:40 <INFO> Registered scoring component MMP
01:36:40 <INFO> Registered scoring component Qptuna
01:36:40 <INFO> Registered scoring component ReactionFilter
01:36:40 <INFO> Registered scoring component RingPrecedence
01:36:40 <INFO> Creating filter component custom_alerts
01:36:40 <INFO> Creating scoring component QED
01:36:40 <INFO> Creating scoring component TanimotoDistance
01:36:40 <INFO> Creating scoring component ExternalProcess
01:36:40 <INFO> Writing tabular data for stage to justmol2mol_4_compounds_staged_2_1.csv
01:36:40 <INFO> Starting stage 1 <<<
01:36:40 <INFO> Current GPU memory usage: 403 MiB used, 22171 MiB free
01:39:35 <INFO> Score: 0.51 Agent NLL: 6.99 Valid: 100% Step: 1
 | Agent Prior Target Score SMILES SMILES_state Input_SMILES QED QED (raw) TanimotoDistance TanimotoDistance (raw) maize maize (raw) Unwanted SMARTS Unwanted SMARTS (raw) matchting_patterns (Unwanted SMARTS)
 | 12.3254 15.5582 47.7533 0.4946211 CN(CC(=O)N1CCC[C@H]1C(=O)NCc1cccc(F)c1)C(=O)c1ccc2ccccc2n1 1 COc1ccc([C@H](C)NC(=O)[C@@H]2C[C@@H](O)CN2C(=O)CNC(=O)c2ccc3cc(F)ccc3n2)c(Cl)c1 0.6287697 0.6288 0.4101124 0.4101 0.4817793 -8.8100 1.0000000 1.0000 []
 | 10.9817 22.5063 28.1258 0.3955632 CNC(=O)CNC(=O)c1ccc2ccccc2n1 1 COc1ccc([C@H](C)NC(=O)[C@@H]2C[C@@H](O)CN2C(=O)CNC(=O)c2ccc3cc(F)ccc3n2)c(Cl)c1 0.8336632 0.8337 0.3448276 0.3448 0.2918336 -6.6900 1.0000000 1.0000 []
 | 7.5045 26.3071 40.0025 0.5180443 COc1ccccc1[C@H](C)NC(=O)CNC(=O)c1ccc2cc(Cl)ccc2n1 1 COc1ccc([C@H](C)NC(=O)[C@@H]2C[C@@H](O)CN2C(=O)CNC(=O)c2ccc3cc(F)ccc3n2)c(Cl)c1 0.6666705 0.6667 0.5608108 0.5608 0.4389045 -8.3600 1.0000000 1.0000 []
 | 3.8602 12.1118 54.1674 0.5178064 C[C@@H](NC(=O)CNC(=O)c1ccc2ccccc2n1)c1ccccc1 1 COc1ccc([C@H](C)NC(=O)[C@@H]2C[C@@H](O)CN2C(=O)CNC(=O)c2ccc3cc(F)ccc3n2)c(Cl)c1 0.7540859 0.7541 0.4140127 0.4140 0.4798633 -8.7900 1.0000000 1.0000 []
 | 4.7489 14.8778 53.6817 0.5356208 C[C@H](NC(=O)CNC(=O)c1ccc2cc(Cl)ccc2n1)c1ccccc1 1 COc1ccc([C@H](C)NC(=O)[C@@H]2C[C@@H](O)CN2C(=O)CNC(=O)c2ccc3cc(F)ccc3n2)c(Cl)c1 0.7246701 0.7247 0.5135135 0.5135 0.4702933 -8.6900 1.0000000 1.0000 []
 | 4.0519 13.2435 52.3715 0.5126170 C[C@H](NC(=O)CNC(=O)c1ccc2ccccc2n1)c1ccccc1 1 COc1ccc([C@H](C)NC(=O)[C@@H]2C[C@@H](O)CN2C(=O)CNC(=O)c2ccc3cc(F)ccc3n2)c(Cl)c1 0.7540859 0.7541 0.4140127 0.4140 0.4702933 -8.6900 1.0000000 1.0000 []
 | 6.2006 31.9797 38.7143 0.5522967 O=C(NCC(=O)N1CCCC1C1CCOCC1)c1ccc2cc(Cl)ccc2n1 1 COc1ccc([C@H](C)NC(=O)[C@@H]2C[C@@H](O)CN2C(=O)CNC(=O)c2ccc3cc(F)ccc3n2)c(Cl)c1 0.8542737 0.8543 0.4904459 0.4904 0.4712494 -8.7000 1.0000000 1.0000 []
 | 7.5936 35.6320 36.5286 0.5637541 O=C(NCC(=O)N1CCCCC1C1CC1)c1ccc2cc(Cl)ccc2n1 1 COc1ccc([C@H](C)NC(=O)[C@@H]2C[C@@H](O)CN2C(=O)CNC(=O)c2ccc3cc(F)ccc3n2)c(Cl)c1 0.8953524 0.8954 0.5100671 0.5101 0.4702933 -8.6900 1.0000000 1.0000 []
 | 4.3855 25.6715 39.9506 0.5126729 O=C(NCC(=O)N1CCCCC1c1ccc(Cl)cc1)c1ccc2cc(Cl)ccc2n1 1 COc1ccc([C@H](C)NC(=O)[C@@H]2C[C@@H](O)CN2C(=O)CNC(=O)c2ccc3cc(F)ccc3n2)c(Cl)c1 0.6170391 0.6170 0.5384615 0.5385 0.4559814 -8.5400 1.0000000 1.0000 []
 | 7.4766 32.7709 17.7444 0.3946503 O=C(NCC(=O)N1CCCCCC1)c1ccc2cc(Cl)ccc2n1 1 COc1ccc([C@H](C)NC(=O)[C@@H]2C[C@@H](O)CN2C(=O)CNC(=O)c2ccc3cc(F)ccc3n2)c(Cl)c1 0.9296651 0.9297 0.4765101 0.4765 0.2340053 -5.9100 1.0000000 1.0000 []
01:42:02 <INFO> Score: 0.53 Agent NLL: 6.31 Valid: 100% Step: 2
 | Agent Prior Target Score SMILES SMILES_state Input_SMILES QED QED (raw) TanimotoDistance TanimotoDistance (raw) maize maize (raw) Unwanted SMARTS Unwanted SMARTS (raw) matchting_patterns (Unwanted SMARTS)
 | 8.1813 31.4866 26.3311 0.4517012 CC(C)(C)CNC(=O)CNC(=O)c1ccc2cc(Cl)ccc2n1 1 COc1ccc([C@H](C)NC(=O)[C@@H]2C[C@@H](O)CN2C(=O)CNC(=O)c2ccc3cc(F)ccc3n2)c(Cl)c1 0.9033995 0.9034 0.4513889 0.4514 0.3195120 -7.0300 1.0000000 1.0000 []
 | 7.9013 29.2957 35.2751 0.5044598 CN(CC(=O)N1CCC[C@H]1c1cccc(F)c1)C(=O)CNC(=O)c1ccc2ccccc2n1 1 COc1ccc([C@H](C)NC(=O)[C@@H]2C[C@@H](O)CN2C(=O)CNC(=O)c2ccc3cc(F)ccc3n2)c(Cl)c1 0.6287206 0.6287 0.4852071 0.4852 0.4607451 -8.5900 1.0000000 1.0000 []
 | 5.4142 26.1980 35.7986 0.4843489 CSCC[C@H](NC(=O)CNC(=O)c1ccc2ccccc2n1)c1ccccc1 1 COc1ccc([C@H](C)NC(=O)[C@@H]2C[C@@H](O)CN2C(=O)CNC(=O)c2ccc3cc(F)ccc3n2)c(Cl)c1 0.6137040 0.6137 0.4121212 0.4121 0.4664710 -8.6500 1.0000000 1.0000 []
 | 3.2861 13.2435 52.3715 0.5126170 C[C@H](NC(=O)CNC(=O)c1ccc2ccccc2n1)c1ccccc1 1 COc1ccc([C@H](C)NC(=O)[C@@H]2C[C@@H](O)CN2C(=O)CNC(=O)c2ccc3cc(F)ccc3n2)c(Cl)c1 0.7540859 0.7541 0.4140127 0.4140 0.4702933 -8.6900 1.0000000 1.0000 []
 | 5.6820 31.8545 35.7629 0.5282616 Cc1ccccc1[C@H](C)NC(=O)CNC(=O)c1ccc2ccccc2n1 1 COc1ccc([C@H](C)NC(=O)[C@@H]2C[C@@H](O)CN2C(=O)CNC(=O)c2ccc3cc(F)ccc3n2)c(Cl)c1 0.7447014 0.7447 0.4150943 0.4151 0.5019189 -9.0200 1.0000000 1.0000 []
 | 7.2679 30.0594 38.7299 0.5374157 N#Cc1ccccc1[C@H](NC(=O)CNC(=O)c1ccc2ccccc2n1)C1CC1 1 COc1ccc([C@H](C)NC(=O)[C@@H]2C[C@@H](O)CN2C(=O)CNC(=O)c2ccc3cc(F)ccc3n2)c(Cl)c1 0.6826541 0.6827 0.4216867 0.4217 0.5383012 -9.4000 1.0000000 1.0000 []
 | 8.4024 37.8084 32.9022 0.5524271 O=C(NCC(=O)N1CCCCC1C1CCC1)c1ccc2cc(Cl)ccc2n1 1 COc1ccc([C@H](C)NC(=O)[C@@H]2C[C@@H](O)CN2C(=O)CNC(=O)c2ccc3cc(F)ccc3n2)c(Cl)c1 0.8702017 0.8702 0.5000000 0.5000 0.4626526 -8.6100 1.0000000 1.0000 []
 | 5.1251 31.2348 40.0532 0.5569378 O=C(NCC(=O)N1CCCCC1C1CCOCC1)c1ccc2cc(Cl)ccc2n1 1 COc1ccc([C@H](C)NC(=O)[C@@H]2C[C@@H](O)CN2C(=O)CNC(=O)c2ccc3cc(F)ccc3n2)c(Cl)c1 0.8299605 0.8300 0.4782609 0.4783 0.4923254 -8.9200 1.0000000 1.0000 []
 | 8.3060 31.8016 30.4495 0.4863362 O=C(NCC(=O)N1CCC[C@H]1c1c[nH]cn1)c1ccc2cc(Cl)ccc2n1 1 COc1ccc([C@H](C)NC(=O)[C@@H]2C[C@@H](O)CN2C(=O)CNC(=O)c2ccc3cc(F)ccc3n2)c(Cl)c1 0.7242492 0.7242 0.4556962 0.4557 0.4117100 -8.0700 1.0000000 1.0000 []
 | 6.6283 24.6284 43.4314 0.5317176 O=C(NCC(=O)N1C[C@H](O)C[C@H]1COc1ccccc1)c1ccc2cc(Cl)ccc2n1 1 COc1ccc([C@H](C)NC(=O)[C@@H]2C[C@@H](O)CN2C(=O)CNC(=O)c2ccc3cc(F)ccc3n2)c(Cl)c1 0.6157427 0.6157 0.6375839 0.6376 0.4512256 -8.4900 1.0000000 1.0000 []
01:44:10 <INFO> Score: 0.53 Agent NLL: 6.69 Valid: 100% Step: 3
 | Agent Prior Target Score SMILES SMILES_state Input_SMILES QED QED (raw) TanimotoDistance TanimotoDistance (raw) maize maize (raw) Unwanted SMARTS Unwanted SMARTS (raw) matchting_patterns (Unwanted SMARTS)
 | 4.5333 25.2389 42.8616 0.5320351 CC(C)C[C@H](NC(=O)CNC(=O)c1ccc2ccccc2n1)c1ccccc1 1 COc1ccc([C@H](C)NC(=O)[C@@H]2C[C@@H](O)CN2C(=O)CNC(=O)c2ccc3cc(F)ccc3n2)c(Cl)c1 0.6585032 0.6585 0.4259259 0.4259 0.5344839 -9.3600 1.0000000 1.0000 []
 | 7.2453 26.7210 41.0422 0.5293995 COc1cccc([C@H](C)NC(=O)CNC(=O)c2ccc3cc(Cl)ccc3n2)c1 1 COc1ccc([C@H](C)NC(=O)[C@@H]2C[C@@H](O)CN2C(=O)CNC(=O)c2ccc3cc(F)ccc3n2)c(Cl)c1 0.6666705 0.6667 0.5714286 0.5714 0.4540781 -8.5200 1.0000000 1.0000 []
 | 8.6581 18.9204 48.4426 0.5262739 COc1cccc([C@H](C)NC(=O)CNC(=O)c2ccc3cc(F)ccc3n2)c1 1 COc1ccc([C@H](C)NC(=O)[C@@H]2C[C@@H](O)CN2C(=O)CNC(=O)c2ccc3cc(F)ccc3n2)c(Cl)c1 0.6879366 0.6879 0.5714286 0.5714 0.4417418 -8.3900 1.0000000 1.0000 []
 | 5.2105 26.1980 35.7986 0.4843489 CSCC[C@H](NC(=O)CNC(=O)c1ccc2ccccc2n1)c1ccccc1 1 COc1ccc([C@H](C)NC(=O)[C@@H]2C[C@@H](O)CN2C(=O)CNC(=O)c2ccc3cc(F)ccc3n2)c(Cl)c1 0.6137040 0.6137 0.4121212 0.4121 0.4664710 -8.6500 1.0000000 1.0000 []
 | 3.5301 12.1118 54.1674 0.5178064 C[C@@H](NC(=O)CNC(=O)c1ccc2ccccc2n1)c1ccccc1 1 COc1ccc([C@H](C)NC(=O)[C@@H]2C[C@@H](O)CN2C(=O)CNC(=O)c2ccc3cc(F)ccc3n2)c(Cl)c1 0.7540859 0.7541 0.4140127 0.4140 0.4798633 -8.7900 1.0000000 1.0000 []
 | 3.1940 13.2435 52.3715 0.5126170 C[C@H](NC(=O)CNC(=O)c1ccc2ccccc2n1)c1ccccc1 1 COc1ccc([C@H](C)NC(=O)[C@@H]2C[C@@H](O)CN2C(=O)CNC(=O)c2ccc3cc(F)ccc3n2)c(Cl)c1 0.7540859 0.7541 0.4140127 0.4140 0.4702933 -8.6900 1.0000000 1.0000 []
 | 4.5684 31.8545 35.7629 0.5282616 Cc1ccccc1[C@H](C)NC(=O)CNC(=O)c1ccc2ccccc2n1 1 COc1ccc([C@H](C)NC(=O)[C@@H]2C[C@@H](O)CN2C(=O)CNC(=O)c2ccc3cc(F)ccc3n2)c(Cl)c1 0.7447014 0.7447 0.4150943 0.4151 0.5019189 -9.0200 1.0000000 1.0000 []
 | 9.0171 29.2306 38.5802 0.5297717 N#Cc1ccccc1[C@H]1CCCN1C(=O)CNC(=O)c1ccc2ccccc2n1 1 COc1ccc([C@H](C)NC(=O)[C@@H]2C[C@@H](O)CN2C(=O)CNC(=O)c2ccc3cc(F)ccc3n2)c(Cl)c1 0.7484006 0.7484 0.4226190 0.4226 0.4990406 -8.9900 1.0000000 1.0000 []
 | 6.9727 30.7483 42.7636 0.5743118 O=C(NCC(=O)N1CCCCC1C1CCCCC1)c1ccc2cc(Cl)ccc2n1 1 COc1ccc([C@H](C)NC(=O)[C@@H]2C[C@@H](O)CN2C(=O)CNC(=O)c2ccc3cc(F)ccc3n2)c(Cl)c1 0.7974513 0.7975 0.4691358 0.4691 0.5392548 -9.4100 1.0000000 1.0000 []
 | 7.3015 31.9484 35.0998 0.5238136 O=C(NCC(=O)N1CCCCC1c1ccccn1)c1ccc2cc(Cl)ccc2n1 1 COc1ccc([C@H](C)NC(=O)[C@@H]2C[C@@H](O)CN2C(=O)CNC(=O)c2ccc3cc(F)ccc3n2)c(Cl)c1 0.7126286 0.7126 0.4875000 0.4875 0.4655160 -8.6400 1.0000000 1.0000 []
01:46:07 <INFO> Score: 0.53 Agent NLL: 6.17 Valid: 100% Step: 4
 | Agent Prior Target Score SMILES SMILES_state Input_SMILES QED QED (raw) TanimotoDistance TanimotoDistance (raw) maize maize (raw) Unwanted SMARTS Unwanted SMARTS (raw) matchting_patterns (Unwanted SMARTS)
 | 6.5508 26.5204 37.4147 0.4994928 CC(C)[C@H](NC(=O)CNC(=O)c1ccc2ccccc2n1)c1ccccc1 1 COc1ccc([C@H](C)NC(=O)[C@@H]2C[C@@H](O)CN2C(=O)CNC(=O)c2ccc3cc(F)ccc3n2)c(Cl)c1 0.7060607 0.7061 0.4187500 0.4188 0.4588387 -8.5700 1.0000000 1.0000 []
 | 4.9219 26.3071 40.0025 0.5180443 COc1ccccc1[C@H](C)NC(=O)CNC(=O)c1ccc2cc(Cl)ccc2n1 1 COc1ccc([C@H](C)NC(=O)[C@@H]2C[C@@H](O)CN2C(=O)CNC(=O)c2ccc3cc(F)ccc3n2)c(Cl)c1 0.6666705 0.6667 0.5608108 0.5608 0.4389045 -8.3600 1.0000000 1.0000 []
 | 6.4761 16.6563 52.2595 0.5384046 C[C@@H](NC(=O)CNC(=O)c1ccc2ccccc2n1)c1cccc(Cl)c1 1 COc1ccc([C@H](C)NC(=O)[C@@H]2C[C@@H](O)CN2C(=O)CNC(=O)c2ccc3cc(F)ccc3n2)c(Cl)c1 0.7246701 0.7247 0.4516129 0.4516 0.5067154 -9.0700 1.0000000 1.0000 []
 | 3.6294 12.1118 54.1674 0.5178064 C[C@@H](NC(=O)CNC(=O)c1ccc2ccccc2n1)c1ccccc1 1 COc1ccc([C@H](C)NC(=O)[C@@H]2C[C@@H](O)CN2C(=O)CNC(=O)c2ccc3cc(F)ccc3n2)c(Cl)c1 0.7540859 0.7541 0.4140127 0.4140 0.4798633 -8.7900 1.0000000 1.0000 []
 | 3.1556 13.2435 52.3715 0.5126170 C[C@H](NC(=O)CNC(=O)c1ccc2ccccc2n1)c1ccccc1 1 COc1ccc([C@H](C)NC(=O)[C@@H]2C[C@@H](O)CN2C(=O)CNC(=O)c2ccc3cc(F)ccc3n2)c(Cl)c1 0.7540859 0.7541 0.4140127 0.4140 0.4702933 -8.6900 1.0000000 1.0000 []
 | 10.0156 32.3390 27.7341 0.4693212 N#Cc1ccccc1[C@H](NC(=O)CNC(=O)c1cnc2ccccc2n1)C1CC1 1 COc1ccc([C@H](C)NC(=O)[C@@H]2C[C@@H](O)CN2C(=O)CNC(=O)c2ccc3cc(F)ccc3n2)c(Cl)c1 0.6777727 0.6778 0.3184358 0.3184 0.4741191 -8.7300 1.0000000 1.0000 []
 | 6.5995 30.2833 39.9251 0.5485035 O=C(NCC(=O)N1CCCC1c1cccc(Cl)c1)c1ccc2cc(Cl)ccc2n1 1 COc1ccc([C@H](C)NC(=O)[C@@H]2C[C@@H](O)CN2C(=O)CNC(=O)c2ccc3cc(F)ccc3n2)c(Cl)c1 0.6590627 0.6591 0.5389610 0.5390 0.5047970 -9.0500 1.0000000 1.0000 []
 | 7.6150 38.5220 32.1985 0.5525036 O=C(NCC(=O)N1CCCCC1C1CCCC1)c1ccc2cc(Cl)ccc2n1 1 COc1ccc([C@H](C)NC(=O)[C@@H]2C[C@@H](O)CN2C(=O)CNC(=O)c2ccc3cc(F)ccc3n2)c(Cl)c1 0.8379469 0.8379 0.4810127 0.4810 0.4808213 -8.8000 1.0000000 1.0000 []
 | 8.0115 24.5452 48.7130 0.5723297 O=C(NCC(=O)N1C[C@H](O)C[C@H]1Cc1ccc(Cl)cc1)c1ccc2cc(Cl)ccc2n1 1 COc1ccc([C@H](C)NC(=O)[C@@H]2C[C@@H](O)CN2C(=O)CNC(=O)c2ccc3cc(F)ccc3n2)c(Cl)c1 0.6136826 0.6137 0.6462585 0.6463 0.5201367 -9.2100 1.0000000 1.0000 []
 | 6.4738 11.7530 57.6347 0.5420913 O=C(NCC(=O)N1C[C@H](O)C[C@H]1c1cccc(Cl)c1)c1ccc2cc(F)ccc2n1 1 COc1ccc([C@H](C)NC(=O)[C@@H]2C[C@@H](O)CN2C(=O)CNC(=O)c2ccc3cc(F)ccc3n2)c(Cl)c1 0.6699564 0.6700 0.5827815 0.5828 0.4702933 -8.6900 1.0000000 1.0000 []
01:48:06 <INFO> Score: 0.52 Agent NLL: 6.23 Valid: 100% Step: 5
 | Agent Prior Target Score SMILES SMILES_state Input_SMILES QED QED (raw) TanimotoDistance TanimotoDistance (raw) maize maize (raw) Unwanted SMARTS Unwanted SMARTS (raw) matchting_patterns (Unwanted SMARTS)
 | 9.4270 29.5860 35.3345 0.5071914 CC(C)(C)C[C@H](NC(=O)CNC(=O)c1ccc2ccccc2n1)c1ccccc1 1 COc1ccc([C@H](C)NC(=O)[C@@H]2C[C@@H](O)CN2C(=O)CNC(=O)c2ccc3cc(F)ccc3n2)c(Cl)c1 0.6617274 0.6617 0.4207317 0.4207 0.4875302 -8.8700 1.0000000 1.0000 []
 | 4.9791 25.2389 42.8616 0.5320351 CC(C)C[C@H](NC(=O)CNC(=O)c1ccc2ccccc2n1)c1ccccc1 1 COc1ccc([C@H](C)NC(=O)[C@@H]2C[C@@H](O)CN2C(=O)CNC(=O)c2ccc3cc(F)ccc3n2)c(Cl)c1 0.6585032 0.6585 0.4259259 0.4259 0.5344839 -9.3600 1.0000000 1.0000 []
 | 5.0854 24.0386 40.9346 0.5076036 COc1cccc([C@H](C)NC(=O)CNC(=O)c2ccc3ccccc3n2)c1 1 COc1ccc([C@H](C)NC(=O)[C@@H]2C[C@@H](O)CN2C(=O)CNC(=O)c2ccc3cc(F)ccc3n2)c(Cl)c1 0.7056916 0.7057 0.4679487 0.4679 0.4483765 -8.4600 1.0000000 1.0000 []
 | 7.2504 21.9287 44.1819 0.5164891 COc1ccccc1[C@H](C)NC(=O)CNC(=O)c1ccc2cc(F)ccc2n1 1 COc1ccc([C@H](C)NC(=O)[C@@H]2C[C@@H](O)CN2C(=O)CNC(=O)c2ccc3cc(F)ccc3n2)c(Cl)c1 0.6879366 0.6879 0.5608108 0.5608 0.4294770 -8.2600 1.0000000 1.0000 []
 | 3.3311 13.2435 52.3715 0.5126170 C[C@H](NC(=O)CNC(=O)c1ccc2ccccc2n1)c1ccccc1 1 COc1ccc([C@H](C)NC(=O)[C@@H]2C[C@@H](O)CN2C(=O)CNC(=O)c2ccc3cc(F)ccc3n2)c(Cl)c1 0.7540859 0.7541 0.4140127 0.4140 0.4702933 -8.6900 1.0000000 1.0000 []
 | 4.6088 30.0594 38.7298 0.5374157 N#Cc1ccccc1[C@H](NC(=O)CNC(=O)c1ccc2ccccc2n1)C1CC1 1 COc1ccc([C@H](C)NC(=O)[C@@H]2C[C@@H](O)CN2C(=O)CNC(=O)c2ccc3cc(F)ccc3n2)c(Cl)c1 0.6826541 0.6827 0.4216867 0.4217 0.5383012 -9.4000 1.0000000 1.0000 []
 | 7.9268 28.1046 40.0192 0.5322175 O=C(NCC(=O)N1CCC[C@H]1COc1cccc(Cl)c1)c1ccc2cc(Cl)ccc2n1 1 COc1ccc([C@H](C)NC(=O)[C@@H]2C[C@@H](O)CN2C(=O)CNC(=O)c2ccc3cc(F)ccc3n2)c(Cl)c1 0.5967832 0.5968 0.5909091 0.5909 0.4769904 -8.7600 1.0000000 1.0000 []
 | 6.6815 38.2909 33.1470 0.5581085 O=C(NCC(=O)N1CC[C@H](c2ccccc2)C1)c1ccc2cc(Cl)ccc2n1 1 COc1ccc([C@H](C)NC(=O)[C@@H]2C[C@@H](O)CN2C(=O)CNC(=O)c2ccc3cc(F)ccc3n2)c(Cl)c1 0.7357395 0.7357 0.5194805 0.5195 0.5038376 -9.0400 1.0000000 1.0000 []
 | 6.5522 23.5172 48.5247 0.5628268 O=C(NCC(=O)N1CCCC1C1CCOCC1)c1ccc2cc(F)ccc2n1 1 COc1ccc([C@H](C)NC(=O)[C@@H]2C[C@@H](O)CN2C(=O)CNC(=O)c2ccc3cc(F)ccc3n2)c(Cl)c1 0.8779825 0.8780 0.4904459 0.4904 0.4827375 -8.8200 1.0000000 1.0000 []
 | 7.8229 17.8651 46.1311 0.4999703 O=C(NCC(=O)N1CCC[C@H]1COc1ccc(Cl)cc1)c1ccc2cc(F)ccc2n1 1 COc1ccc([C@H](C)NC(=O)[C@@H]2C[C@@H](O)CN2C(=O)CNC(=O)c2ccc3cc(F)ccc3n2)c(Cl)c1 0.6307718 0.6308 0.5844156 0.5844 0.4117100 -8.0700 1.0000000 1.0000 []
01:48:06 <CRIT> Received exception ('Signal 2'): saving checkpoint and then terminate
