02:23:22 <INFO> Started REINVENT 4.6.22 (C) AstraZeneca 2017, 2023 on 2025-08-31
02:23:22 <INFO> Command line: /home/a/miniconda3/envs/reinvent4/bin/reinvent --log-filename reinvent.log -f toml config.toml
02:23:22 <INFO> Reading run configuration from /home/a/REINVENT4/ReinventStudies/pleaseWork/justRnve/graph-dock-w0wspr/node-reinvent/config.toml using format toml
02:23:22 <INFO> User a on host l4-redo
02:23:22 <INFO> Python version 3.10.18
02:23:22 <INFO> PyTorch version 2.7.1+cu128, git e2d141dbde55c2a4370fac5165b0561b6af4798b
02:23:22 <INFO> PyTorch compiled with CUDA version 12.8
02:23:22 <INFO> RDKit version 2025.03.5
02:23:22 <INFO> Platform Linux-6.1.0-38-cloud-amd64-x86_64-with-glibc2.36
02:23:22 <INFO> CUDA driver version 570.86.10
02:23:22 <INFO> Number of PyTorch CUDA devices 1
02:23:22 <WARN> 'use_cuda' is deprecated, use 'device' instead
02:23:22 <INFO> Using CUDA device:0 NVIDIA L4
02:23:23 <INFO> GPU memory: 22381 MiB free, 22574 MiB total
02:23:23 <INFO> Writing TensorBoard summary to /home/a/REINVENT4/ReinventStudies/pleaseWork/justRnve/graph-dock-w0wspr/node-reinvent/tb_logs
02:23:23 <INFO> Writing JSON config file to /home/a/REINVENT4/ReinventStudies/pleaseWork/justRnve/graph-dock-w0wspr/node-reinvent/_justRnve_staged_learning.json
02:23:23 <INFO> Starting 1 stage of Reinforcement Learning
02:23:23 <INFO> /home/a/REINVENT4/ReinventStudies/priors/reinvent.prior has valid hash:
{ 'comments': [],
  'creation_date': 0,
  'date_format': 'UNIX epoch',
  'hash_id': '173568c36e1fc3d95cab289c7d31ce0b',
  'hash_id_format': 'xxhash.xxh3_128_hex 3.4.1',
  'model_id': '55d68f8a81c04f5a86304ebe1723a0ea',
  'model_id_format': 'uuid.uuid4 3.10.12',
  'origina_data_source': 'ChEMBL 25',
  'updates': []}
02:23:23 <INFO> Number of network parameters: 5,805,602
02:23:23 <INFO> Network architecture:
RNN(
  (_embedding): Embedding(34, 256)
  (_rnn): LSTM(256, 512, num_layers=3, batch_first=True)
  (_linear): Linear(in_features=512, out_features=34, bias=True)
)
02:23:23 <INFO> /home/a/REINVENT4/ReinventStudies/priors/reinvent.prior has valid hash:
{ 'comments': [],
  'creation_date': 0,
  'date_format': 'UNIX epoch',
  'hash_id': '173568c36e1fc3d95cab289c7d31ce0b',
  'hash_id_format': 'xxhash.xxh3_128_hex 3.4.1',
  'model_id': '55d68f8a81c04f5a86304ebe1723a0ea',
  'model_id_format': 'uuid.uuid4 3.10.12',
  'origina_data_source': 'ChEMBL 25',
  'updates': []}
02:23:23 <INFO> Number of network parameters: 5,805,602
02:23:23 <INFO> Network architecture:
RNN(
  (_embedding): Embedding(34, 256)
  (_rnn): LSTM(256, 512, num_layers=3, batch_first=True)
  (_linear): Linear(in_features=512, out_features=34, bias=True)
)
02:23:23 <INFO> Using generator Reinvent
02:23:23 <INFO> Prior read from /home/a/REINVENT4/ReinventStudies/priors/reinvent.prior
02:23:23 <INFO> Agent read from /home/a/REINVENT4/ReinventStudies/priors/reinvent.prior
02:23:23 <INFO> Using reward strategy dap
02:23:23 <INFO> Using diversity filter IdenticalMurckoScaffold
02:23:23 <INFO> Diversity filter memories are retained between stages
02:23:23 <INFO> No SMILES for inception. Populating from first sampled batch.
02:23:23 <INFO> Global SMILES deduplication for inception memory
02:23:23 <INFO> Using inception memory
02:23:23 <INFO> Registered scoring component ROCSSimilarity
02:23:23 <INFO> Registered scoring component GroupCount
02:23:23 <INFO> Registered scoring component FragmentQed
02:23:23 <INFO> Registered scoring component FragmentSlogP
02:23:23 <INFO> Registered scoring component FragmentMolecularWeight
02:23:23 <INFO> Registered scoring component FragmentTPSA
02:23:23 <INFO> Registered scoring component FragmentDistanceMatrix
02:23:23 <INFO> Registered scoring component FragmentNumAtomStereoCenters
02:23:23 <INFO> Registered scoring component FragmentHBondAcceptors
02:23:23 <INFO> Registered scoring component FragmentHBondDonors
02:23:23 <INFO> Registered scoring component FragmentNumRotBond
02:23:23 <INFO> Registered scoring component FragmentCsp3
02:23:23 <INFO> Registered scoring component Fragmentnumsp
02:23:23 <INFO> Registered scoring component Fragmentnumsp2
02:23:23 <INFO> Registered scoring component Fragmentnumsp3
02:23:23 <INFO> Registered scoring component FragmentEffectiveLength
02:23:23 <INFO> Registered scoring component FragmentGraphLength
02:23:23 <INFO> Registered scoring component FragmentLengthRatio
02:23:23 <INFO> Registered scoring component FragmentNumHeavyAtoms
02:23:23 <INFO> Registered scoring component FragmentNumHeteroAtoms
02:23:23 <INFO> Registered scoring component FragmentNumRings
02:23:23 <INFO> Registered scoring component FragmentNumAromaticRings
02:23:23 <INFO> Registered scoring component FragmentNumAliphaticRings
02:23:23 <INFO> Registered scoring component FragmentSlogP
02:23:23 <INFO> Registered scoring component MatchingSubstructure
02:23:23 <INFO> Registered scoring component MolVolume
02:23:23 <INFO> Registered scoring component Qed
02:23:23 <INFO> Registered scoring component LargestRingSize
02:23:23 <INFO> Registered scoring component MolecularWeight
02:23:23 <INFO> Registered scoring component GraphLength
02:23:23 <INFO> Registered scoring component NumAtomStereoCenters
02:23:23 <INFO> Registered scoring component HBondAcceptors
02:23:23 <INFO> Registered scoring component HBondDonors
02:23:23 <INFO> Registered scoring component NumRotBond
02:23:23 <INFO> Registered scoring component Csp3
02:23:23 <INFO> Registered scoring component numsp
02:23:23 <INFO> Registered scoring component numsp2
02:23:23 <INFO> Registered scoring component numsp3
02:23:23 <INFO> Registered scoring component NumHeavyAtoms
02:23:23 <INFO> Registered scoring component NumHeteroAtoms
02:23:23 <INFO> Registered scoring component NumRings
02:23:23 <INFO> Registered scoring component NumAromaticRings
02:23:23 <INFO> Registered scoring component NumAliphaticRings
02:23:23 <INFO> Registered scoring component SlogP
02:23:23 <INFO> Registered scoring component LargestRingSize
02:23:23 <INFO> Registered scoring component PMI
02:23:23 <INFO> Registered scoring component RDKitDescriptors
02:23:23 <INFO> Registered scoring component TanimotoSimilarity
02:23:23 <INFO> Registered scoring component TanimotoDistance
02:23:23 <INFO> Registered scoring component TPSA
02:23:23 <INFO> Registered scoring component SAScore
02:23:23 <INFO> Registered scoring component Cazp
02:23:24 <INFO> Registered scoring component ChemProp
02:23:24 <INFO> Registered scoring component CustomAlerts
02:23:24 <INFO> Registered scoring component DockStream
02:23:24 <INFO> Registered scoring component ExternalProcess
02:23:24 <INFO> Registered scoring component REST
02:23:24 <INFO> Registered scoring component Icolos
02:23:24 <INFO> Registered scoring component Maize
02:23:24 <INFO> Registered scoring component MMP
02:23:24 <INFO> Registered scoring component Qptuna
02:23:24 <INFO> Registered scoring component ReactionFilter
02:23:24 <INFO> Registered scoring component RingPrecedence
02:23:24 <INFO> Creating filter component custom_alerts
02:23:24 <INFO> Creating scoring component QED
02:23:24 <INFO> Creating scoring component TanimotoDistance
02:23:24 <INFO> Creating scoring component ExternalProcess
02:23:24 <INFO> Writing tabular data for stage to staged_learning_1.csv
02:23:24 <INFO> Starting stage 1 <<<
02:23:24 <INFO> Current GPU memory usage: 317 MiB used, 22257 MiB free
02:25:08 <CRIT> Received exception ('Signal 2'): saving checkpoint and then terminate
