01:35:13 <INFO> Started REINVENT 4.6.22 (C) AstraZeneca 2017, 2023 on 2025-08-31
01:35:13 <INFO> Command line: /home/a/miniconda3/envs/reinvent4/bin/reinvent --log-filename reinvent.log -f toml config.toml
01:35:13 <INFO> Reading run configuration from /home/a/REINVENT4/ReinventStudies/pleaseWork/justRnve/graph-dock/node-reinvent/config.toml using format toml
01:35:13 <INFO> User a on host l4-redo
01:35:13 <INFO> Python version 3.10.18
01:35:13 <INFO> PyTorch version 2.7.1+cu128, git e2d141dbde55c2a4370fac5165b0561b6af4798b
01:35:13 <INFO> PyTorch compiled with CUDA version 12.8
01:35:13 <INFO> RDKit version 2025.03.5
01:35:13 <INFO> Platform Linux-6.1.0-38-cloud-amd64-x86_64-with-glibc2.36
01:35:13 <INFO> CUDA driver version 570.86.10
01:35:13 <INFO> Number of PyTorch CUDA devices 1
01:35:13 <WARN> 'use_cuda' is deprecated, use 'device' instead
01:35:13 <INFO> Using CUDA device:0 NVIDIA L4
01:35:13 <INFO> GPU memory: 22381 MiB free, 22574 MiB total
01:35:13 <INFO> Writing TensorBoard summary to /home/a/REINVENT4/ReinventStudies/pleaseWork/justRnve/graph-dock/node-reinvent/tb_logs
01:35:13 <INFO> Writing JSON config file to /home/a/REINVENT4/ReinventStudies/pleaseWork/justRnve/graph-dock/node-reinvent/_justRnve_staged_learning.json
01:35:13 <INFO> Starting 1 stage of Reinforcement Learning
01:35:13 <INFO> /home/a/REINVENT4/ReinventStudies/priors/reinvent.prior has valid hash:
{ 'comments': [],
  'creation_date': 0,
  'date_format': 'UNIX epoch',
  'hash_id': '173568c36e1fc3d95cab289c7d31ce0b',
  'hash_id_format': 'xxhash.xxh3_128_hex 3.4.1',
  'model_id': '55d68f8a81c04f5a86304ebe1723a0ea',
  'model_id_format': 'uuid.uuid4 3.10.12',
  'origina_data_source': 'ChEMBL 25',
  'updates': []}
01:35:13 <INFO> Number of network parameters: 5,805,602
01:35:13 <INFO> Network architecture:
RNN(
  (_embedding): Embedding(34, 256)
  (_rnn): LSTM(256, 512, num_layers=3, batch_first=True)
  (_linear): Linear(in_features=512, out_features=34, bias=True)
)
01:35:13 <INFO> /home/a/REINVENT4/ReinventStudies/priors/reinvent.prior has valid hash:
{ 'comments': [],
  'creation_date': 0,
  'date_format': 'UNIX epoch',
  'hash_id': '173568c36e1fc3d95cab289c7d31ce0b',
  'hash_id_format': 'xxhash.xxh3_128_hex 3.4.1',
  'model_id': '55d68f8a81c04f5a86304ebe1723a0ea',
  'model_id_format': 'uuid.uuid4 3.10.12',
  'origina_data_source': 'ChEMBL 25',
  'updates': []}
01:35:13 <INFO> Number of network parameters: 5,805,602
01:35:13 <INFO> Network architecture:
RNN(
  (_embedding): Embedding(34, 256)
  (_rnn): LSTM(256, 512, num_layers=3, batch_first=True)
  (_linear): Linear(in_features=512, out_features=34, bias=True)
)
01:35:13 <INFO> Using generator Reinvent
01:35:13 <INFO> Prior read from /home/a/REINVENT4/ReinventStudies/priors/reinvent.prior
01:35:13 <INFO> Agent read from /home/a/REINVENT4/ReinventStudies/priors/reinvent.prior
01:35:13 <INFO> Using reward strategy dap
01:35:13 <INFO> Using diversity filter IdenticalMurckoScaffold
01:35:13 <INFO> Diversity filter memories are retained between stages
01:35:13 <WARN> Inception disabled but may speed up convergence
01:35:13 <INFO> Registered scoring component ROCSSimilarity
01:35:13 <INFO> Registered scoring component GroupCount
01:35:13 <INFO> Registered scoring component FragmentQed
01:35:13 <INFO> Registered scoring component FragmentSlogP
01:35:13 <INFO> Registered scoring component FragmentMolecularWeight
01:35:13 <INFO> Registered scoring component FragmentTPSA
01:35:13 <INFO> Registered scoring component FragmentDistanceMatrix
01:35:13 <INFO> Registered scoring component FragmentNumAtomStereoCenters
01:35:13 <INFO> Registered scoring component FragmentHBondAcceptors
01:35:13 <INFO> Registered scoring component FragmentHBondDonors
01:35:13 <INFO> Registered scoring component FragmentNumRotBond
01:35:13 <INFO> Registered scoring component FragmentCsp3
01:35:13 <INFO> Registered scoring component Fragmentnumsp
01:35:13 <INFO> Registered scoring component Fragmentnumsp2
01:35:13 <INFO> Registered scoring component Fragmentnumsp3
01:35:13 <INFO> Registered scoring component FragmentEffectiveLength
01:35:13 <INFO> Registered scoring component FragmentGraphLength
01:35:13 <INFO> Registered scoring component FragmentLengthRatio
01:35:13 <INFO> Registered scoring component FragmentNumHeavyAtoms
01:35:13 <INFO> Registered scoring component FragmentNumHeteroAtoms
01:35:13 <INFO> Registered scoring component FragmentNumRings
01:35:13 <INFO> Registered scoring component FragmentNumAromaticRings
01:35:13 <INFO> Registered scoring component FragmentNumAliphaticRings
01:35:13 <INFO> Registered scoring component FragmentSlogP
01:35:13 <INFO> Registered scoring component MatchingSubstructure
01:35:13 <INFO> Registered scoring component MolVolume
01:35:13 <INFO> Registered scoring component Qed
01:35:13 <INFO> Registered scoring component LargestRingSize
01:35:13 <INFO> Registered scoring component MolecularWeight
01:35:13 <INFO> Registered scoring component GraphLength
01:35:13 <INFO> Registered scoring component NumAtomStereoCenters
01:35:13 <INFO> Registered scoring component HBondAcceptors
01:35:13 <INFO> Registered scoring component HBondDonors
01:35:13 <INFO> Registered scoring component NumRotBond
01:35:13 <INFO> Registered scoring component Csp3
01:35:13 <INFO> Registered scoring component numsp
01:35:13 <INFO> Registered scoring component numsp2
01:35:13 <INFO> Registered scoring component numsp3
01:35:13 <INFO> Registered scoring component NumHeavyAtoms
01:35:13 <INFO> Registered scoring component NumHeteroAtoms
01:35:13 <INFO> Registered scoring component NumRings
01:35:13 <INFO> Registered scoring component NumAromaticRings
01:35:13 <INFO> Registered scoring component NumAliphaticRings
01:35:13 <INFO> Registered scoring component SlogP
01:35:13 <INFO> Registered scoring component LargestRingSize
01:35:13 <INFO> Registered scoring component PMI
01:35:13 <INFO> Registered scoring component RDKitDescriptors
01:35:13 <INFO> Registered scoring component TanimotoSimilarity
01:35:13 <INFO> Registered scoring component TanimotoDistance
01:35:13 <INFO> Registered scoring component TPSA
01:35:13 <INFO> Registered scoring component SAScore
01:35:13 <INFO> Registered scoring component Cazp
01:35:14 <INFO> Registered scoring component ChemProp
01:35:14 <INFO> Registered scoring component CustomAlerts
01:35:14 <INFO> Registered scoring component DockStream
01:35:14 <INFO> Registered scoring component ExternalProcess
01:35:14 <INFO> Registered scoring component REST
01:35:14 <INFO> Registered scoring component Icolos
01:35:14 <INFO> Registered scoring component Maize
01:35:14 <INFO> Registered scoring component MMP
01:35:14 <INFO> Registered scoring component Qptuna
01:35:14 <INFO> Registered scoring component ReactionFilter
01:35:14 <INFO> Registered scoring component RingPrecedence
01:35:14 <INFO> Creating filter component custom_alerts
01:35:14 <INFO> Creating scoring component QED
01:35:14 <INFO> Creating scoring component TanimotoDistance
01:35:14 <INFO> Creating scoring component ExternalProcess
01:35:14 <INFO> Writing tabular data for stage to staged_learning_1.csv
01:35:14 <INFO> Starting stage 1 <<<
01:35:14 <INFO> Current GPU memory usage: 317 MiB used, 22257 MiB free
01:36:17 <INFO> Score: 0.24 Agent NLL: 29.37 Valid: 100% Step: 1
 | Agent Prior Target Score SMILES SMILES_state Scaffold QED QED (raw) TanimotoDistance TanimotoDistance (raw) maize maize (raw) Unwanted SMARTS Unwanted SMARTS (raw) matchting_patterns (Unwanted SMARTS)
 | 34.5680 34.5680 8.7827 0.3386777 O=C1CCN(CC(O)COc2ccccc2C(=O)CCc2cccc(C(F)(F)F)c2)CCN1 1 O=C1CCN(CCCOc2ccccc2C(=O)CCc2ccccc2)CCN1 0.5580221 0.5580 0.2704082 0.2704 0.2952824 -5.8000 1.0000000 1.0000 []
 | 36.9046 36.9046 -36.9046 0.0000000 COCCNC(=O)c1cc(NCC(=O)NN=Cc2cccc(OC)n2)ccc1Cl 1 O=C(CNc1ccccc1)NN=Cc1ccccn1 0.0000000 0.0000 0.0000000 0.0000 0.0000000 0.0000 0.0000000 0.0000 ['[#7;!n][#7;!n]']
 | 29.7569 29.7569 -29.7569 0.0000000 CCOC(=O)c1c(C)oc2c(=NCc3ccccc3)nc(C(C)=O)[nH]c12 1 c1ccc(CN=c2nc[nH]c3ccoc23)cc1 0.0000000 0.0000 0.0000000 0.0000 0.0000000 0.0000 0.0000000 0.0000 ['C(=[O,S])[O,S]']
 | 29.9616 29.9616 -29.9616 0.0000000 COc1cc(OC)c(Cl)c(COc2cnc(=Nc3ccc(C(=O)O)nc3)[nH]c2)c1Cl 1 c1ccc(COc2cnc(=Nc3cccnc3)[nH]c2)cc1 0.0000000 0.0000 0.0000000 0.0000 0.0000000 0.0000 0.0000000 0.0000 ['C(=[O,S])[O,S]']
 | 27.1537 27.1537 26.8619 0.4219971 CS(=O)(=O)NCc1cccc(C(=NO)c2ccc(Cl)cc2)c1 1 N=C(c1ccccc1)c1ccccc1 0.4994431 0.4994 0.2439024 0.2439 0.5102323 -7.5800 1.0000000 1.0000 []
 | 24.8372 24.8372 26.7528 0.4030469 CC(=O)c1ccc(N2CCN(C(=O)CSc3nnc(COc4ccccc4)o3)CC2)cc1 1 O=C(CSc1nnc(COc2ccccc2)o1)N1CCN(c2ccccc2)CC1 0.3800188 0.3800 0.2694301 0.2694 0.5076747 -7.5600 1.0000000 1.0000 []
 | 26.7802 26.7802 21.0564 0.3737238 O=C1C(Cc2ccccc2)N=C(c2ccccc2Cl)c2ccccc2N1Cc1ccc(-c2ccccc2-c2nn[nH]n2)cc1 1 O=C1C(Cc2ccccc2)N=C(c2ccccc2)c2ccccc2N1Cc1ccc(-c2ccccc2-c2nn[nH]n2)cc1 0.2119853 0.2120 0.1614173 0.1614 0.7550460 -9.7000 1.0000000 1.0000 []
 | 32.4443 32.4443 18.4030 0.3972441 Cc1cc(-n2nccc2-c2ccc(-c3ccc(C#N)cc3)nc2C)ccc1O 1 c1ccc(-c2ccc(-c3ccnn3-c3ccccc3)cn2)cc1 0.5652783 0.5653 0.1683673 0.1684 0.5115108 -7.5900 1.0000000 1.0000 []
 | 27.4103 27.4103 -27.4103 0.0000000 Cc1cccc(OCC(=O)OCC(=O)N2c3ccccc3Sc3ccccc32)c1C 1 O=C(COc1ccccc1)OCC(=O)N1c2ccccc2Sc2ccccc21 0.0000000 0.0000 0.0000000 0.0000 0.0000000 0.0000 0.0000000 0.0000 ['C(=[O,S])[O,S]']
 | 23.9024 23.9024 38.3354 0.4862336 Cc1ccc(NC(=O)c2nc(SCc3ccc(F)cc3)ncc2Cl)c(C)c1 1 O=C(Nc1ccccc1)c1ccnc(SCc2ccccc2)n1 0.4571204 0.4571 0.2500000 0.2500 0.6993661 -9.1500 1.0000000 1.0000 []
01:38:23 <INFO> Score: 0.36 Agent NLL: 29.67 Valid: 100% Step: 2
 | Agent Prior Target Score SMILES SMILES_state Scaffold QED QED (raw) TanimotoDistance TanimotoDistance (raw) maize maize (raw) Unwanted SMARTS Unwanted SMARTS (raw) matchting_patterns (Unwanted SMARTS)
 | 28.6173 28.5150 -28.5150 0.0000000 CC(C)NC(=O)N(C)CC1Oc2ncc(C#CCC(C)(C)C)cc2C(=O)N(C(C)CO)CC1C 1 O=C1NCCCOc2ncccc21 0.0000000 0.0000 0.0000000 0.0000 0.0000000 0.0000 0.0000000 0.0000 ['[*;r8]', 'C#C']
 | 25.6980 25.8036 28.7681 0.4263410 CCOc1ccc(NC(=O)CSc2nnc(-c3cccc(Cl)c3)n2N)cc1 1 O=C(CSc1nnc(-c2ccccc2)[nH]1)Nc1ccccc1 0.4631508 0.4632 0.2349727 0.2350 0.5509907 -7.9000 1.0000000 1.0000 []
 | 31.8525 31.6371 8.1700 0.3109931 C=Cc1ccoc1-c1nccn1CCN1CCCCC1 1 c1coc(-c2nccn2CCN2CCCCC2)c1 0.8366828 0.8367 0.1202186 0.1202 0.3049546 -5.8900 1.0000000 1.0000 []
 | 28.4178 28.0901 29.3139 0.4484686 Cc1cc(C)c2occ(CC(=O)N3CCN(c4cccc(C(F)(F)F)n4)CC3)c2c1 1 O=C(Cc1coc2ccccc12)N1CCN(c2ccccn2)CC1 0.6357129 0.6357 0.2303665 0.2304 0.5255619 -7.7000 1.0000000 1.0000 []
 | 45.8435 45.7071 13.2881 0.4608999 CNS(=O)(=O)Cc1ccc(N=c2nc(N3CCC(O)C3)[nH]c(=Nc3ccc(N4CC(F)C4)cc3OC)[nH]2)cc1 1 c1ccc(N=c2nc(N3CCCC3)[nH]c(=Nc3ccc(N4CCC4)cc3)[nH]2)cc1 0.3218852 0.3219 0.2619048 0.2619 0.7316291 -9.4600 1.0000000 1.0000 []
 | 31.8458 31.1310 23.8885 0.4298398 CN1C2CCC1CC(CCNC(=O)c1cc(=O)c3ccccc3[nH]1)C2 1 O=C(NCCC1CC2CCC(C1)N2)c1cc(=O)c2ccccc2[nH]1 0.8995005 0.8995 0.2054054 0.2054 nan nan 1.0000000 1.0000 []
 | 33.0032 33.2258 14.4130 0.3721782 Cc1ccc(NC(c2ccc(-c3ccccc3)cc2)c2nnnn2Cc2ccccc2)cc1[N+](=O)[O-] 1 c1ccc(Cn2nnnc2C(Nc2ccccc2)c2ccc(-c3ccccc3)cc2)cc1 0.2242378 0.2242 0.1347826 0.1348 0.7967656 -10.1700 1.0000000 1.0000 []
 | 24.7511 24.9299 30.7681 0.4351402 Cc1ccc(C2=CC(=O)CC(C)(C)C2C(=O)c2ccccc2)cc1 1 O=C1C=C(c2ccccc2)C(C(=O)c2ccccc2)CC1 0.7561155 0.7561 0.2325581 0.2326 0.4515424 -7.1200 1.0000000 1.0000 []
 | 29.6721 29.4471 7.2561 0.2867436 O=C1C2(c3ccccc3)CN(Cc3cccnc3)C1(c1ccccc1)c1ccccc12 1 O=C1C2(c3ccccc3)CN(Cc3cccnc3)C1(c1ccccc1)c1ccccc12 0.4956807 0.4957 0.1658768 0.1659 nan nan 1.0000000 1.0000 []
 | 17.0447 16.8516 39.4527 0.4398779 CN(C)c1ccc(C=Cc2ccc3ccccc3n2)cc1 1 C(=Cc1ccc2ccccc2n1)c1ccccc1 0.7001571 0.7002 0.2857143 0.2857 0.4326141 -6.9700 1.0000000 1.0000 []
01:39:04 <INFO> Score: 0.23 Agent NLL: 29.09 Valid: 100% Step: 3
 | Agent Prior Target Score SMILES SMILES_state Scaffold QED QED (raw) TanimotoDistance TanimotoDistance (raw) maize maize (raw) Unwanted SMARTS Unwanted SMARTS (raw) matchting_patterns (Unwanted SMARTS)
 | 29.3186 29.2025 -29.2025 0.0000000 N#CC(C=CCCCO)C(=O)O 1  0.0000000 0.0000 0.0000000 0.0000 0.0000000 0.0000 0.0000000 0.0000 ['C(=[O,S])[O,S]']
 | 35.7385 36.8796 19.7136 0.4421340 O=C(NC1CCN(Cc2ccc(-c3ccc([N+](=O)[O-])cc3)o2)CC1)c1cc2c(Cl)cccc2[nH]1 1 O=C(NC1CCN(Cc2ccc(-c3ccccc3)o2)CC1)c1cc2ccccc2[nH]1 0.2855938 0.2856 0.2352941 0.2353 0.7540984 -9.6900 1.0000000 1.0000 []
 | 25.8000 26.3922 -26.3922 0.0000000 COc1ccc(C=C(C#N)C(=O)OC(C)C(=O)Nc2ccc(C)cc2)cc1 1 O=C(COC(=O)C=Cc1ccccc1)Nc1ccccc1 0.0000000 0.0000 0.0000000 0.0000 0.0000000 0.0000 0.0000000 0.0000 ['C(=[O,S])[O,S]']
 | 19.9893 20.0888 16.9857 0.2896448 Cc1cc(C=O)c(C)n1Cc1ccccc1 1 c1ccc(Cn2cccc2)cc1 0.7183495 0.7183 0.1645570 0.1646 0.2440088 -5.2900 1.0000000 1.0000 []
 | 28.1621 30.0396 30.3536 0.4718219 Cc1cccc(CCNC(=O)c2nc(-c3ccc(Cl)cc3Cl)c(-c3ccc(Cl)cc3)o2)c1 1 O=C(NCCc1ccccc1)c1nc(-c2ccccc2)c(-c2ccccc2)o1 0.3127898 0.3128 0.2577320 0.2577 0.7840537 -10.0200 1.0000000 1.0000 []
 | 23.6754 23.1293 21.3606 0.3475775 CCc1ccc(-c2nc3cc(C)ccn3c2CC(C)(C)C)cc1 1 c1ccc(-c2cn3ccccc3n2)cc1 0.6277180 0.6277 0.1885714 0.1886 0.3511422 -6.3000 1.0000000 1.0000 []
 | 41.2451 44.5044 -44.5044 0.0000000 Cc1ccc(S(=O)(=O)N(Cc2cccc(-c3ccc(-c4nc(C(=O)O)c(C)o4)cc3)c2)C(CCC(=O)O)C(=O)O)cc1 1 O=S(=O)(NCc1cccc(-c2ccc(-c3ncco3)cc2)c1)c1ccccc1 0.0000000 0.0000 0.0000000 0.0000 0.0000000 0.0000 0.0000000 0.0000 ['C(=[O,S])[O,S]']
 | 25.6347 26.5613 28.9976 0.4340539 O=C(Nc1ccc(-c2ccccc2)cc1)c1cc(Cl)ccc1NS(=O)(=O)c1cccs1 1 O=C(Nc1ccc(-c2ccccc2)cc1)c1ccccc1NS(=O)(=O)c1cccs1 0.3575477 0.3575 0.2244898 0.2245 0.6650005 -8.8400 1.0000000 1.0000 []
 | 34.0165 36.3827 -36.3827 0.0000000 Cc1ccc(SSc2nc(-c3ccccc3)c(Cc3ccccc3O)c(=O)[nH]2)cc1 1 O=c1[nH]c(SSc2ccccc2)nc(-c2ccccc2)c1Cc1ccccc1 0.0000000 0.0000 0.0000000 0.0000 0.0000000 0.0000 0.0000000 0.0000 ['[#16][#16]']
 | 27.2901 27.0174 11.4032 0.3001615 c1ccc2c(c1)CCCC(CN1CCN(C3c4ccccc4CCc4ccccc43)CC1)C2 1 c1ccc2c(c1)CCCC(CN1CCN(C3c4ccccc4CCc4ccccc43)CC1)C2 0.4869673 0.4870 0.1818182 0.1818 0.3027899 -5.8700 1.0000000 1.0000 []
01:39:46 <INFO> Score: 0.29 Agent NLL: 28.37 Valid: 100% Step: 4
 | Agent Prior Target Score SMILES SMILES_state Scaffold QED QED (raw) TanimotoDistance TanimotoDistance (raw) maize maize (raw) Unwanted SMARTS Unwanted SMARTS (raw) matchting_patterns (Unwanted SMARTS)
 | 25.6320 26.9077 38.4726 0.5107832 CC1CN(S(=O)(=O)c2ccc(Br)c(C(=O)Nc3cccnc3)c2)CC(C)O1 1 O=C(Nc1cccnc1)c1cccc(S(=O)(=O)N2CCOCC2)c1 0.7678593 0.7679 0.2670455 0.2670 0.5761557 -8.1000 1.0000000 1.0000 []
 | 38.0877 39.9440 12.3309 0.4083976 CC(C)CCn1cc(-c2cc(-c3ccc(C#N)c(F)c3)c(=N)[nH]n2)cn1 1 N=c1[nH]nc(-c2cn[nH]c2)cc1-c1ccccc1 0.7374260 0.7374 0.1881720 0.1882 0.4477437 -7.0900 1.0000000 1.0000 []
 | 28.6608 28.2945 -28.2945 0.0000000 O=C1c2cc(N=C3CC=NN3)ccc2-c2ccc([N+](=O)[O-])cc21 1 O=C1c2ccccc2-c2ccc(N=C3CC=NN3)cc21 0.0000000 0.0000 0.0000000 0.0000 0.0000000 0.0000 0.0000000 0.0000 ['[#7;!n][#7;!n]']
 | 22.6259 23.2840 24.3426 0.3720836 CCC1(CC)CCC(=O)c2c1oc(-c1ccccc1C(F)(F)F)nc2=O 1 O=C1CCCc2oc(-c3ccccc3)nc(=O)c21 0.7871596 0.7872 0.2055556 0.2056 0.3441795 -6.2400 1.0000000 1.0000 []
 | 27.5085 27.4783 17.2555 0.3494824 N#Cc1cc(Cl)cc(-c2ccnn2-c2ccc(F)cc2)c1 1 c1ccc(-c2ccnn2-c2ccccc2)cc1 0.7109911 0.7110 0.2058824 0.2059 0.3192339 -6.0200 1.0000000 1.0000 []
 | 22.0851 21.1211 4.5923 0.2008854 CC(C)CNCCN1CCOCC1 1 C1COCCN1 0.6351281 0.6351 0.0802469 0.0802 0.1787524 -4.5200 1.0000000 1.0000 []
 | 40.0569 40.0017 -40.0017 0.0000000 CC1(C)OC2OC(c3cn(CCCc4ccccc4)c(O)c3O)C(O1)C2C(=O)O 1 c1ccc(CCCn2ccc(C3OC4CC3OCO4)c2)cc1 0.0000000 0.0000 0.0000000 0.0000 0.0000000 0.0000 0.0000000 0.0000 ['C(=[O,S])[O,S]', '[#8;!o][C;!$(C(=[O,N])[N,O])][#8;!o]']
 | 25.5053 27.1902 23.3095 0.3945293 Cc1ccc(N(C)S(C)(=O)=O)c(C(=O)Nc2ccccc2F)c1 1 O=C(Nc1ccccc1)c1ccccc1 0.9334718 0.9335 0.2409639 0.2410 0.3281950 -6.1000 1.0000000 1.0000 []
 | 26.4234 25.9644 16.3797 0.3308130 O=C(c1cccc(CO)c1O)C1CCCCC1 1 O=C(c1ccccc1)C1CCCCC1 0.7903660 0.7904 0.1595092 0.1595 0.3082181 -5.9200 1.0000000 1.0000 []
 | 27.0673 27.2855 18.9582 0.3612794 Cc1cccn2c(=O)c3cc(C(=O)NCc4ccco4)c(=N)n(CCCC#N)c3nc12 1 N=c1[nH]c2nc3ccccn3c(=O)c2cc1C(=O)NCc1ccco1 0.3678762 0.3679 0.2233503 0.2234 0.4553468 -7.1500 1.0000000 1.0000 []
01:40:45 <INFO> Score: 0.31 Agent NLL: 27.92 Valid: 100% Step: 5
 | Agent Prior Target Score SMILES SMILES_state Scaffold QED QED (raw) TanimotoDistance TanimotoDistance (raw) maize maize (raw) Unwanted SMARTS Unwanted SMARTS (raw) matchting_patterns (Unwanted SMARTS)
 | 25.3547 23.8894 -23.8894 0.0000000 Cc1cccc(N2CCn3c2nnc(CC(=O)O)c3=O)c1 1 O=c1cnnc2n1CCN2c1ccccc1 0.0000000 0.0000 0.0000000 0.0000 0.0000000 0.0000 0.0000000 0.0000 ['C(=[O,S])[O,S]']
 | 29.3303 32.9955 21.7162 0.4274350 N#Cc1ccc(-c2ccc(C3C(CO)N(C(=O)CO)C4(CC4)C34CCCC4)cc2)cc1 1 c1ccc(-c2ccc(C3CNC4(CC4)C34CCCC4)cc2)cc1 0.7976465 0.7976 0.2315789 0.2316 0.4250944 -6.9100 1.0000000 1.0000 []
 | 27.3732 27.1568 40.3539 0.5274269 COc1ccccc1N1CC(NC(=O)Cc2cn(C)c3ccccc23)CC1=O 1 O=C(Cc1c[nH]c2ccccc12)NC1CC(=O)N(c2ccccc2)C1 0.7435319 0.7435 0.3016760 0.3017 0.5873601 -8.1900 1.0000000 1.0000 []
 | 23.7396 25.5106 -25.5105 0.0000000 COC(=O)C12CC(CC(=O)N3CCCC3)C(=O)N(Cc3ccccc3C)C1=CCC(C)(C)C2 1 O=C(CC1CC2CCCC=C2N(Cc2ccccc2)C1=O)N1CCCC1 0.0000000 0.0000 0.0000000 0.0000 0.0000000 0.0000 0.0000000 0.0000 ['C(=[O,S])[O,S]']
 | 32.5646 35.4512 18.2449 0.4195011 O=C(CN1CCN(c2ccccc2)CC1)N=c1[nH]cc(CC(=O)Nc2ccc(-c3nc4ccccc4[nH]3)cc2)o1 1 O=C(CN1CCN(c2ccccc2)CC1)N=c1[nH]cc(CC(=O)Nc2ccc(-c3nc4ccccc4[nH]3)cc2)o1 0.2928582 0.2929 0.2025862 0.2026 0.7224911 -9.3700 1.0000000 1.0000 []
 | 34.8162 39.4359 23.0893 0.4884777 Cc1cc2c(cc1Br)C(SCCN1CCC3(CC1)OCCc1cc(Cl)ccc13)c1ccccc1O2 1 c1ccc2c(c1)CCOC21CCN(CCSC2c3ccccc3Oc3ccccc32)CC1 0.3177534 0.3178 0.2476190 0.2476 0.8506529 -10.9000 1.0000000 1.0000 []
 | 21.9806 24.2818 27.0236 0.4008234 CC(=O)c1ccc(-c2ccc(N3CCCC3)nn2)cc1 1 c1ccc(-c2ccc(N3CCCC3)nn2)cc1 0.8020836 0.8021 0.1845238 0.1845 0.4176092 -6.8500 1.0000000 1.0000 []
 | 23.8596 26.0826 -26.0826 0.0000000 Cc1ccc(CC(Cc2ccccc2)CC(O)C(Cc2ccccc2)NC(=O)OC(C)(C)C)cc1C 1 c1ccc(CCCCC(Cc2ccccc2)Cc2ccccc2)cc1 0.0000000 0.0000 0.0000000 0.0000 0.0000000 0.0000 0.0000000 0.0000 ['C(=[O,S])[O,S]']
 | 24.4971 28.9456 30.8710 0.4673175 CN(C(=O)c1cncn1Cc1ccc(-c2ccccc2-c2nn[nH]n2)cc1)C1CCCCC1 1 O=C(NC1CCCCC1)c1cncn1Cc1ccc(-c2ccccc2-c2nn[nH]n2)cc1 0.4844661 0.4845 0.2173913 0.2174 0.6729321 -8.9100 1.0000000 1.0000 []
 | 35.7135 44.0923 8.1136 0.4078586 CCc1c(O)c(C)n(-c2ccc(-c3c(C)cc(-c4noc(C)n4)cc3C)cc2)c1C(=O)NCc1cccnc1 1 O=C(NCc1cccnc1)c1cccn1-c1ccc(-c2ccc(-c3ncon3)cc2)cc1 0.2712423 0.2712 0.2000000 0.2000 0.7142094 -9.2900 1.0000000 1.0000 []
01:42:23 <INFO> Score: 0.26 Agent NLL: 30.01 Valid: 100% Step: 6
 | Agent Prior Target Score SMILES SMILES_state Scaffold QED QED (raw) TanimotoDistance TanimotoDistance (raw) maize maize (raw) Unwanted SMARTS Unwanted SMARTS (raw) matchting_patterns (Unwanted SMARTS)
 | 17.6680 18.7373 29.0303 0.3731841 Brc1ccc(C2=Nc3ccccc3SC2)cc1 1 c1ccc(C2=Nc3ccccc3SC2)cc1 0.7451676 0.7452 0.2125000 0.2125 0.3499772 -6.2900 1.0000000 1.0000 []
 | 35.2610 35.1188 -9.2238 0.2023045 CC(=CC(C)C)C1CCC2C3CCC45OC4CC(CCC12C)C35C 1 C1CC2CCC3CC4OC45CCC(C2C1)C35 0.4479247 0.4479 0.0913706 0.0914 nan nan 1.0000000 1.0000 []
 | 25.8037 28.2599 15.2438 0.3398723 CC(C)(C)c1cnc(-c2ccccc2)nc1-c1cccnc1 1 c1ccc(-c2nccc(-c3cccnc3)n2)cc1 0.6967450 0.6967 0.1694915 0.1695 0.3361404 -6.1700 1.0000000 1.0000 []
 | 27.6451 27.8254 -27.8254 0.0000000 CC(Cc1cccc(C(C)C)c1[N+](=O)[O-])C(=O)O 1 c1ccccc1 0.0000000 0.0000 0.0000000 0.0000 0.0000000 0.0000 0.0000000 0.0000 ['C(=[O,S])[O,S]']
 | 25.4848 26.0092 8.6158 0.2705078 CCc1nnc2[nH]c(C)c(C)c2n1 1 c1nnc2[nH]ccc2n1 0.7164992 0.7165 0.0869565 0.0870 0.2931572 -5.7800 1.0000000 1.0000 []
 | 42.1572 46.6442 -46.6442 0.0000000 Nc1cccc(S(=O)(=O)NC(Cc2ccc(-c3ccc(-c4ccc(NC(=O)C(N)Cc5ccc(Cl)cc5)cc4)cc3)o2)C(=O)O)c1 1 O=C(CCc1ccccc1)Nc1ccc(-c2ccc(-c3ccc(CCNS(=O)(=O)c4ccccc4)o3)cc2)cc1 0.0000000 0.0000 0.0000000 0.0000 0.0000000 0.0000 0.0000000 0.0000 ['C(=[O,S])[O,S]']
 | 32.6025 31.7376 32.0485 0.4983283 COc1cc2[nH]c(=NC3CCCN(CC(=O)NCc4ccccc4)C3)cc(C)c2cc1OC 1 O=C(CN1CCCC(N=c2ccc3ccccc3[nH]2)C1)NCc1ccccc1 0.5819882 0.5820 0.2562814 0.2563 0.6430067 -8.6500 1.0000000 1.0000 []
 | 29.6607 31.0699 -31.0699 0.0000000 Cc1cccc(-c2nnc(COC(=O)c3cc(S(=O)(=O)N(C)C)ccc3Cl)o2)c1 1 O=C(OCc1nnc(-c2ccccc2)o1)c1ccccc1 0.0000000 0.0000 0.0000000 0.0000 0.0000000 0.0000 0.0000000 0.0000 ['C(=[O,S])[O,S]']
 | 24.9325 30.5784 31.5526 0.4853986 CSCc1cccc(C2(c3ccc(-c4cccc(C#N)c4)cc3)N=C(N)N(C)C2=O)c1 1 O=C1NC=NC1(c1ccccc1)c1ccc(-c2ccccc2)cc1 0.6653181 0.6653 0.2142857 0.2143 0.6240017 -8.4900 1.0000000 1.0000 []
 | 38.8799 38.2565 10.9856 0.3847033 N=C(N)N1CCCC(NC(=O)C(CCC2CCN(C(=O)CO)CC2)NC(=O)c2cccc(F)c2)C1 1 O=C(NC(CCC1CCNCC1)C(=O)NC1CCCNC1)c1ccccc1 0.2629352 0.2629 0.2364532 0.2365 0.5935467 -8.2400 1.0000000 1.0000 []
01:43:42 <INFO> Score: 0.37 Agent NLL: 31.27 Valid: 100% Step: 7
 | Agent Prior Target Score SMILES SMILES_state Scaffold QED QED (raw) TanimotoDistance TanimotoDistance (raw) maize maize (raw) Unwanted SMARTS Unwanted SMARTS (raw) matchting_patterns (Unwanted SMARTS)
 | 37.6307 36.2890 19.7536 0.4378326 CC(=O)NC(C(=O)N1CCCC1C(=O)Nc1cccc(Cn2ccc(=O)[nH]c2=O)c1)C(C)C 1 O=C(Nc1cccc(Cn2ccc(=O)[nH]c2=O)c1)C1CCCN1 0.5645041 0.5645 0.2525773 0.2526 0.5076747 -7.5600 1.0000000 1.0000 []
 | 28.6177 31.5015 33.6016 0.5086175 NS(=O)(=O)c1cccc(C(=O)NCC2Cc3ccccc3CN2S(=O)(=O)c2ccc(Cl)cc2)c1 1 O=C(NCC1Cc2ccccc2CN1S(=O)(=O)c1ccccc1)c1ccccc1 0.5171387 0.5171 0.2704082 0.2704 0.6917819 -9.0800 1.0000000 1.0000 []
 | 33.3787 36.0140 -36.0140 0.0000000 Cc1cc(-c2cncnc2Cl)ccc1OCc1ccc(C(=O)O)c(F)c1 1 c1ccc(COc2ccc(-c3cncnc3)cc2)cc1 0.0000000 0.0000 0.0000000 0.0000 0.0000000 0.0000 0.0000000 0.0000 ['C(=[O,S])[O,S]']
 | 26.7326 27.6965 12.8950 0.3171215 CC1(c2c(Cl)cccc2Cl)Cn2c(nc3ccccc32)-c2ccccc2N1 1 c1ccc(C2Cn3c(nc4ccccc43)-c3ccccc3N2)cc1 0.4076678 0.4077 0.2094241 0.2094 0.3441795 -6.2400 1.0000000 1.0000 []
 | 26.4159 28.2635 37.1189 0.5108001 Nc1ccccc1-c1ccc(CCNS(=O)(=O)c2ccc(Cl)cc2)cc1 1 O=S(=O)(NCCc1ccc(-c2ccccc2)cc1)c1ccccc1 0.6259656 0.6260 0.2209945 0.2210 0.7015134 -9.1700 1.0000000 1.0000 []
 | 32.2435 36.1943 16.7166 0.4133669 CC1(C)CC(=O)N(c2ccc(-c3nc(C4CCNC4)ccc3C#N)cn2)C1 1 O=C1CCCN1c1ccc(-c2cccc(C3CCNC3)n2)cn1 0.9089539 0.9090 0.2119565 0.2120 0.3892934 -6.6200 1.0000000 1.0000 []
 | 32.2049 31.5821 6.0465 0.2939739 O=C1C(c2ccccc2)C(c2ccco2)N1C(CO)CO 1 O=C1NC(c2ccco2)C1c1ccccc1 0.8129539 0.8130 0.2242424 0.2242 0.2024071 -4.8200 1.0000000 1.0000 []
 | 30.2598 29.9200 20.7167 0.3955996 CCCCc1nc(SC)c(C(=O)NCc2ccc(F)cc2)n1Cc1ccc(-c2ccccc2-c2nn[nH]n2)nc1 1 O=C(NCc1ccccc1)c1cncn1Cc1ccc(-c2ccccc2-c2nn[nH]n2)nc1 0.2120662 0.2121 0.2398190 0.2398 0.6939597 -9.1000 1.0000000 1.0000 []
 | 29.3105 33.0662 14.0357 0.3679838 Cc1cccc(-c2c(-c3nc(-c4ccccc4CO)no3)c(C(F)(F)F)nn2C)n1 1 c1ccc(-c2noc(-c3cn[nH]c3-c3ccccn3)n2)cc1 0.5415818 0.5416 0.1809045 0.1809 0.4326141 -6.9700 1.0000000 1.0000 []
 | 35.8722 40.4904 21.0714 0.4809515 CC(CNC(=O)c1ccccc1)C(Nc1ccc(C#N)c(Cl)c1)c1ccc(Cl)c(Cl)c1 1 O=C(NCCC(Nc1ccccc1)c1ccccc1)c1ccccc1 0.4001148 0.4001 0.2606383 0.2606 0.7162938 -9.3100 1.0000000 1.0000 []
01:44:31 <INFO> Score: 0.30 Agent NLL: 23.57 Valid: 100% Step: 8
 | Agent Prior Target Score SMILES SMILES_state Scaffold QED QED (raw) TanimotoDistance TanimotoDistance (raw) maize maize (raw) Unwanted SMARTS Unwanted SMARTS (raw) matchting_patterns (Unwanted SMARTS)
 | 19.5246 19.9985 24.0155 0.3438595 NCCCN=c1c2ccccc2[nH]c2ccccc12 1 N=c1c2ccccc2[nH]c2ccccc12 0.5453073 0.5453 0.1600000 0.1600 0.4002961 -6.7100 1.0000000 1.0000 []
 | 24.4095 25.3427 32.6585 0.4531338 CC(Cc1ccccc1)N=c1[nH]c(-c2ccncc2)cc(=O)[nH]1 1 O=c1cc(-c2ccncc2)[nH]c(=NCCc2ccccc2)[nH]1 0.7759067 0.7759 0.1823204 0.1823 0.5459219 -7.8600 1.0000000 1.0000 []
 | 23.3182 24.1211 25.1098 0.3846160 CCCC(=O)Nc1ccccc1C(=O)Nc1ccc(OC)cc1OC 1 O=C(Nc1ccccc1)c1ccccc1 0.8043262 0.8043 0.2764706 0.2765 0.3136997 -5.9700 1.0000000 1.0000 []
 | 23.9063 25.4136 -25.4136 0.0000000 N#Cc1ccc(-c2ccc(CC(NC(=O)CCN)C(=O)O)cc2)cc1 1 c1ccc(-c2ccccc2)cc1 0.0000000 0.0000 0.0000000 0.0000 0.0000000 0.0000 0.0000000 0.0000 ['C(=[O,S])[O,S]']
 | 23.3687 24.6539 13.0788 0.2947865 CC1CCN(Cc2nc3c(c(=O)n(C)c(=O)n3C)n2CC(N)=O)CC1 1 O=c1[nH]c(=O)c2[nH]c(CN3CCCCC3)nc2[nH]1 0.7742685 0.7743 0.1576087 0.1576 0.2487592 -5.3400 1.0000000 1.0000 []
 | 18.0709 19.4559 31.4493 0.3976972 O=C(C=Cc1ccc(Cl)cc1)Nc1cccnc1 1 O=C(C=Cc1ccccc1)Nc1cccnc1 0.8577876 0.8578 0.2049689 0.2050 0.3771995 -6.5200 1.0000000 1.0000 []
 | 25.5362 24.4189 -24.4189 0.0000000 O=C(c1ccccc1)c1ccccc1NC(Cc1ccc(OCCOc2ccc(Cc3ccccc3)cc2)cc1)C(=O)O 1 O=C(c1ccccc1)c1ccccc1NCCc1ccc(OCCOc2ccc(Cc3ccccc3)cc2)cc1 0.0000000 0.0000 0.0000000 0.0000 0.0000000 0.0000 0.0000000 0.0000 ['C(=[O,S])[O,S]']
 | 27.1731 27.8918 23.9079 0.4046853 CNc1cc2nc[nH]c(=Nc3ccc(Cl)cc3Cl)c2cc1N 1 c1ccc(N=c2[nH]cnc3ccccc23)cc1 0.6249767 0.6250 0.2093023 0.2093 0.4528100 -7.1300 1.0000000 1.0000 []
 | 21.9651 24.1759 19.7261 0.3429846 Cc1cc(C)n(C(c2ccccc2)c2ccc(F)cc2)n1 1 c1ccc(C(c2ccccc2)n2cccn2)cc1 0.7000153 0.7000 0.2095808 0.2096 0.3071281 -5.9100 1.0000000 1.0000 []
 | 28.4719 28.9633 22.3448 0.4008445 Cn1c(N)c(N=c2[nH]c(-c3cccc([N+](=O)[O-])c3)cs2)c(=O)n1-c1ccccc1 1 O=c1c(N=c2[nH]c(-c3ccccc3)cs2)c[nH]n1-c1ccccc1 0.3977614 0.3978 0.1477833 0.1478 0.6627168 -8.8200 1.0000000 1.0000 []
01:45:27 <CRIT> Received exception ('Signal 2'): saving checkpoint and then terminate
