06:33:33 <INFO> Started REINVENT 4.6.27 (C) AstraZeneca 2017, 2023 on 2025-09-17
06:33:33 <INFO> Command line: /home/a/miniconda3/envs/reinvent4/bin/reinvent -f toml configs/REINVENT/scoring_reinvent_maize_docking.toml -l scoringData/sampledDockingData/reinvent_scoring_sampling.log --log-level debug
06:33:33 <INFO> Reading run configuration from /home/a/REINVENT4/ReinventStudies/configs/REINVENT/scoring_reinvent_maize_docking.toml using format toml
06:33:33 <INFO> User a on host l4-redo
06:33:33 <INFO> Python version 3.10.18
06:33:33 <INFO> PyTorch version 2.7.1+cu128, git e2d141dbde55c2a4370fac5165b0561b6af4798b
06:33:33 <INFO> PyTorch compiled with CUDA version 12.8
06:33:33 <INFO> RDKit version 2025.03.5
06:33:33 <INFO> Platform Linux-6.1.0-39-cloud-amd64-x86_64-with-glibc2.36
06:33:33 <INFO> CUDA driver version 580.82.07
06:33:33 <INFO> Number of PyTorch CUDA devices 1
06:33:33 <WARN> 'use_cuda' is deprecated, use 'device' instead
06:33:33 <DEBU> device='cuda' args_device=None
06:33:33 <DEBU> actual_device=device(type='cuda')
06:33:33 <INFO> Using CUDA device:0 NVIDIA L4
06:33:33 <INFO> GPU memory: 22369 MiB free, 22563 MiB total
06:33:33 <INFO> Writing JSON config file to /home/a/REINVENT4/ReinventStudies/scoringData/sampledDockingData/Scoring_input.json
06:33:33 <INFO> Scoring SMILES from file /home/a/REINVENT4/ReinventStudies/scoringData/SmilesForDocking_reduced.smi
06:33:33 <INFO> Standardizing input SMILES
06:33:33 <INFO> Applying filter get_largest_fragment to input SMILES
06:33:33 <INFO> Applying filter general_cleanup to input SMILES
06:33:33 <INFO> Stereochemistry kept in input SMILES
06:33:35 <INFO> Registered scoring component ROCSSimilarity
06:33:35 <INFO> Registered scoring component GroupCount
06:33:35 <INFO> Registered scoring component FragmentQed
06:33:35 <INFO> Registered scoring component FragmentSlogP
06:33:35 <INFO> Registered scoring component FragmentMolecularWeight
06:33:35 <INFO> Registered scoring component FragmentTPSA
06:33:35 <INFO> Registered scoring component FragmentDistanceMatrix
06:33:35 <INFO> Registered scoring component FragmentNumAtomStereoCenters
06:33:35 <INFO> Registered scoring component FragmentHBondAcceptors
06:33:35 <INFO> Registered scoring component FragmentHBondDonors
06:33:35 <INFO> Registered scoring component FragmentNumRotBond
06:33:35 <INFO> Registered scoring component FragmentCsp3
06:33:35 <INFO> Registered scoring component Fragmentnumsp
06:33:35 <INFO> Registered scoring component Fragmentnumsp2
06:33:35 <INFO> Registered scoring component Fragmentnumsp3
06:33:35 <INFO> Registered scoring component FragmentEffectiveLength
06:33:35 <INFO> Registered scoring component FragmentGraphLength
06:33:35 <INFO> Registered scoring component FragmentLengthRatio
06:33:35 <INFO> Registered scoring component FragmentNumHeavyAtoms
06:33:35 <INFO> Registered scoring component FragmentNumHeteroAtoms
06:33:35 <INFO> Registered scoring component FragmentNumRings
06:33:35 <INFO> Registered scoring component FragmentNumAromaticRings
06:33:35 <INFO> Registered scoring component FragmentNumAliphaticRings
06:33:35 <INFO> Registered scoring component FragmentSlogP
06:33:35 <INFO> Registered scoring component MatchingSubstructure
06:33:35 <INFO> Registered scoring component MolVolume
06:33:35 <INFO> Registered scoring component Qed
06:33:35 <INFO> Registered scoring component LargestRingSize
06:33:35 <INFO> Registered scoring component MolecularWeight
06:33:35 <INFO> Registered scoring component GraphLength
06:33:35 <INFO> Registered scoring component NumAtomStereoCenters
06:33:35 <INFO> Registered scoring component HBondAcceptors
06:33:35 <INFO> Registered scoring component HBondDonors
06:33:35 <INFO> Registered scoring component NumRotBond
06:33:35 <INFO> Registered scoring component Csp3
06:33:35 <INFO> Registered scoring component numsp
06:33:35 <INFO> Registered scoring component numsp2
06:33:35 <INFO> Registered scoring component numsp3
06:33:35 <INFO> Registered scoring component NumHeavyAtoms
06:33:35 <INFO> Registered scoring component NumHeteroAtoms
06:33:35 <INFO> Registered scoring component NumRings
06:33:35 <INFO> Registered scoring component NumAromaticRings
06:33:35 <INFO> Registered scoring component NumAliphaticRings
06:33:35 <INFO> Registered scoring component SlogP
06:33:35 <INFO> Registered scoring component LargestRingSize
06:33:35 <INFO> Registered scoring component PMI
06:33:35 <INFO> Registered scoring component RDKitDescriptors
06:33:35 <INFO> Registered scoring component TanimotoSimilarity
06:33:35 <INFO> Registered scoring component TanimotoDistance
06:33:35 <INFO> Registered scoring component TPSA
06:33:35 <INFO> Registered scoring component SAScore
06:33:35 <INFO> Registered scoring component Cazp
06:33:36 <INFO> Registered scoring component ChemProp
06:33:36 <INFO> Registered scoring component CustomAlerts
06:33:36 <INFO> Registered scoring component DockStream
06:33:36 <INFO> Registered scoring component ExternalProcess
06:33:36 <INFO> Registered scoring component REST
06:33:36 <INFO> Registered scoring component Icolos
06:33:36 <INFO> Registered scoring component Maize
06:33:36 <INFO> Registered scoring component MMP
06:33:36 <INFO> Registered scoring component Qptuna
06:33:36 <INFO> Registered scoring component ReactionFilter
06:33:36 <INFO> Registered scoring component RingPrecedence
06:33:36 <INFO> Creating scoring component SAScore
06:33:36 <INFO> Creating scoring component Maize
06:33:36 <DEBU> Masked smilies for SAScore are []
06:33:37 <DEBU> Masked smilies for Maize are []
