22:55:16 <INFO> Started REINVENT 4.6.22 (C) AstraZeneca 2017, 2023 on 2025-08-28
22:55:16 <INFO> Command line: /home/a/miniconda3/envs/reinvent4/bin/reinvent --log-filename reinvent.log -f toml config.toml
22:55:16 <INFO> Reading run configuration from /home/a/REINVENT4/ReinventStudies/pleaseWork/justMol2Mol/graph-dock-mcqgfy/node-reinvent/config.toml using format toml
22:55:16 <INFO> User a on host l4-redo
22:55:16 <INFO> Python version 3.10.18
22:55:16 <INFO> PyTorch version 2.7.1+cu128, git e2d141dbde55c2a4370fac5165b0561b6af4798b
22:55:16 <INFO> PyTorch compiled with CUDA version 12.8
22:55:16 <INFO> RDKit version 2025.03.5
22:55:16 <INFO> Platform Linux-6.1.0-38-cloud-amd64-x86_64-with-glibc2.36
22:55:16 <INFO> CUDA driver version 570.86.10
22:55:16 <INFO> Number of PyTorch CUDA devices 1
22:55:16 <WARN> 'use_cuda' is deprecated, use 'device' instead
22:55:16 <INFO> Using CUDA device:0 NVIDIA L4
22:55:16 <INFO> GPU memory: 21508 MiB free, 22574 MiB total
22:55:16 <INFO> Writing TensorBoard summary to /home/a/REINVENT4/ReinventStudies/pleaseWork/justMol2Mol/graph-dock-mcqgfy/node-reinvent/tb_logs
22:55:16 <INFO> Writing JSON config file to /home/a/REINVENT4/ReinventStudies/pleaseWork/justMol2Mol/graph-dock-mcqgfy/node-reinvent/_staged_learning.json
22:55:16 <INFO> Starting 1 stage of Reinforcement Learning
22:55:16 <ERRO> /home/a/REINVENT4/ReinventStudies/priors/mol2mol_similarity.prior has invalid hash:
{ 'comments': [],
  'creation_date': 0,
  'date_format': 'UNIX epoch',
  'hash_id': '3c6a77904318ad22c299806d686463f5',
  'hash_id_format': 'xxhash.xxh3_128_hex 3.4.1',
  'model_id': '595a7122492447e0b10b11b6cf47b2ae',
  'model_id_format': 'uuid.uuid4 3.10.12',
  'origina_data_source': 'ChEMBL 28',
  'updates': []}
22:55:16 <INFO> Number of network parameters: 17,462,400
22:55:16 <INFO> Network architecture:
EncoderDecoder(
  (encoder): Encoder(
    (layers): ModuleList(
      (0-5): 6 x EncoderLayer(
        (self_attn): MultiHeadedAttention(
          (linears): ModuleList(
            (0-3): 4 x Linear(in_features=256, out_features=256, bias=True)
          )
          (dropout): Dropout(p=0.1, inplace=False)
        )
        (feed_forward): PositionwiseFeedForward(
          (w_1): Linear(in_features=256, out_features=2048, bias=True)
          (w_2): Linear(in_features=2048, out_features=256, bias=True)
          (dropout): Dropout(p=0.1, inplace=False)
        )
        (sublayer): ModuleList(
          (0-1): 2 x SublayerConnection(
            (norm): LayerNorm()
            (dropout): Dropout(p=0.1, inplace=False)
          )
        )
      )
    )
    (norm): LayerNorm()
  )
  (decoder): Decoder(
    (layers): ModuleList(
      (0-5): 6 x DecoderLayer(
        (self_attn): MultiHeadedAttention(
          (linears): ModuleList(
            (0-3): 4 x Linear(in_features=256, out_features=256, bias=True)
          )
          (dropout): Dropout(p=0.1, inplace=False)
        )
        (src_attn): MultiHeadedAttention(
          (linears): ModuleList(
            (0-3): 4 x Linear(in_features=256, out_features=256, bias=True)
          )
          (dropout): Dropout(p=0.1, inplace=False)
        )
        (feed_forward): PositionwiseFeedForward(
          (w_1): Linear(in_features=256, out_features=2048, bias=True)
          (w_2): Linear(in_features=2048, out_features=256, bias=True)
          (dropout): Dropout(p=0.1, inplace=False)
        )
        (sublayer): ModuleList(
          (0-2): 3 x SublayerConnection(
            (norm): LayerNorm()
            (dropout): Dropout(p=0.1, inplace=False)
          )
        )
      )
    )
    (norm): LayerNorm()
  )
  (src_embed): Sequential(
    (0): Embeddings(
      (lut): Embedding(128, 256)
    )
    (1): PositionalEncoding(
      (dropout): Dropout(p=0.1, inplace=False)
    )
  )
  (tgt_embed): Sequential(
    (0): Embeddings(
      (lut): Embedding(128, 256)
    )
    (1): PositionalEncoding(
      (dropout): Dropout(p=0.1, inplace=False)
    )
  )
  (generator): Generator(
    (proj): Linear(in_features=256, out_features=128, bias=True)
  )
)
22:55:17 <ERRO> /home/a/REINVENT4/ReinventStudies/priors/mol2mol_similarity.prior has invalid hash:
{ 'comments': [],
  'creation_date': 0,
  'date_format': 'UNIX epoch',
  'hash_id': '3c6a77904318ad22c299806d686463f5',
  'hash_id_format': 'xxhash.xxh3_128_hex 3.4.1',
  'model_id': '595a7122492447e0b10b11b6cf47b2ae',
  'model_id_format': 'uuid.uuid4 3.10.12',
  'origina_data_source': 'ChEMBL 28',
  'updates': []}
22:55:17 <INFO> Number of network parameters: 17,462,400
22:55:17 <INFO> Network architecture:
EncoderDecoder(
  (encoder): Encoder(
    (layers): ModuleList(
      (0-5): 6 x EncoderLayer(
        (self_attn): MultiHeadedAttention(
          (linears): ModuleList(
            (0-3): 4 x Linear(in_features=256, out_features=256, bias=True)
          )
          (dropout): Dropout(p=0.1, inplace=False)
        )
        (feed_forward): PositionwiseFeedForward(
          (w_1): Linear(in_features=256, out_features=2048, bias=True)
          (w_2): Linear(in_features=2048, out_features=256, bias=True)
          (dropout): Dropout(p=0.1, inplace=False)
        )
        (sublayer): ModuleList(
          (0-1): 2 x SublayerConnection(
            (norm): LayerNorm()
            (dropout): Dropout(p=0.1, inplace=False)
          )
        )
      )
    )
    (norm): LayerNorm()
  )
  (decoder): Decoder(
    (layers): ModuleList(
      (0-5): 6 x DecoderLayer(
        (self_attn): MultiHeadedAttention(
          (linears): ModuleList(
            (0-3): 4 x Linear(in_features=256, out_features=256, bias=True)
          )
          (dropout): Dropout(p=0.1, inplace=False)
        )
        (src_attn): MultiHeadedAttention(
          (linears): ModuleList(
            (0-3): 4 x Linear(in_features=256, out_features=256, bias=True)
          )
          (dropout): Dropout(p=0.1, inplace=False)
        )
        (feed_forward): PositionwiseFeedForward(
          (w_1): Linear(in_features=256, out_features=2048, bias=True)
          (w_2): Linear(in_features=2048, out_features=256, bias=True)
          (dropout): Dropout(p=0.1, inplace=False)
        )
        (sublayer): ModuleList(
          (0-2): 3 x SublayerConnection(
            (norm): LayerNorm()
            (dropout): Dropout(p=0.1, inplace=False)
          )
        )
      )
    )
    (norm): LayerNorm()
  )
  (src_embed): Sequential(
    (0): Embeddings(
      (lut): Embedding(128, 256)
    )
    (1): PositionalEncoding(
      (dropout): Dropout(p=0.1, inplace=False)
    )
  )
  (tgt_embed): Sequential(
    (0): Embeddings(
      (lut): Embedding(128, 256)
    )
    (1): PositionalEncoding(
      (dropout): Dropout(p=0.1, inplace=False)
    )
  )
  (generator): Generator(
    (proj): Linear(in_features=256, out_features=128, bias=True)
  )
)
22:55:17 <INFO> Using generator Mol2Mol
22:55:17 <INFO> Prior read from /home/a/REINVENT4/ReinventStudies/priors/mol2mol_similarity.prior
22:55:17 <INFO> Agent read from /home/a/REINVENT4/ReinventStudies/priors/mol2mol_similarity.prior
22:55:17 <INFO> Input molecules/fragments read from file /home/a/REINVENT4/ReinventStudies/mols/Rad51/cam833.smi
22:55:17 <WARN> randomize_smiles was set to True but the model was not trained with randomized SMILES.  Setting randomize_smiles to False.
22:55:17 <INFO> Using reward strategy dap
22:55:17 <INFO> Diversity filter memories are retained between stages
22:55:17 <INFO> Registered scoring component ROCSSimilarity
22:55:17 <INFO> Registered scoring component GroupCount
22:55:17 <INFO> Registered scoring component FragmentQed
22:55:17 <INFO> Registered scoring component FragmentSlogP
22:55:17 <INFO> Registered scoring component FragmentMolecularWeight
22:55:17 <INFO> Registered scoring component FragmentTPSA
22:55:17 <INFO> Registered scoring component FragmentDistanceMatrix
22:55:17 <INFO> Registered scoring component FragmentNumAtomStereoCenters
22:55:17 <INFO> Registered scoring component FragmentHBondAcceptors
22:55:17 <INFO> Registered scoring component FragmentHBondDonors
22:55:17 <INFO> Registered scoring component FragmentNumRotBond
22:55:17 <INFO> Registered scoring component FragmentCsp3
22:55:17 <INFO> Registered scoring component Fragmentnumsp
22:55:17 <INFO> Registered scoring component Fragmentnumsp2
22:55:17 <INFO> Registered scoring component Fragmentnumsp3
22:55:17 <INFO> Registered scoring component FragmentEffectiveLength
22:55:17 <INFO> Registered scoring component FragmentGraphLength
22:55:17 <INFO> Registered scoring component FragmentLengthRatio
22:55:17 <INFO> Registered scoring component FragmentNumHeavyAtoms
22:55:17 <INFO> Registered scoring component FragmentNumHeteroAtoms
22:55:17 <INFO> Registered scoring component FragmentNumRings
22:55:17 <INFO> Registered scoring component FragmentNumAromaticRings
22:55:17 <INFO> Registered scoring component FragmentNumAliphaticRings
22:55:17 <INFO> Registered scoring component FragmentSlogP
22:55:17 <INFO> Registered scoring component MatchingSubstructure
22:55:17 <INFO> Registered scoring component MolVolume
22:55:17 <INFO> Registered scoring component Qed
22:55:17 <INFO> Registered scoring component LargestRingSize
22:55:17 <INFO> Registered scoring component MolecularWeight
22:55:17 <INFO> Registered scoring component GraphLength
22:55:17 <INFO> Registered scoring component NumAtomStereoCenters
22:55:17 <INFO> Registered scoring component HBondAcceptors
22:55:17 <INFO> Registered scoring component HBondDonors
22:55:17 <INFO> Registered scoring component NumRotBond
22:55:17 <INFO> Registered scoring component Csp3
22:55:17 <INFO> Registered scoring component numsp
22:55:17 <INFO> Registered scoring component numsp2
22:55:17 <INFO> Registered scoring component numsp3
22:55:17 <INFO> Registered scoring component NumHeavyAtoms
22:55:17 <INFO> Registered scoring component NumHeteroAtoms
22:55:17 <INFO> Registered scoring component NumRings
22:55:17 <INFO> Registered scoring component NumAromaticRings
22:55:17 <INFO> Registered scoring component NumAliphaticRings
22:55:17 <INFO> Registered scoring component SlogP
22:55:17 <INFO> Registered scoring component LargestRingSize
22:55:17 <INFO> Registered scoring component PMI
22:55:17 <INFO> Registered scoring component RDKitDescriptors
22:55:17 <INFO> Registered scoring component TanimotoSimilarity
22:55:17 <INFO> Registered scoring component TanimotoDistance
22:55:17 <INFO> Registered scoring component TPSA
22:55:17 <INFO> Registered scoring component SAScore
22:55:17 <INFO> Registered scoring component Cazp
22:55:17 <INFO> Registered scoring component ChemProp
22:55:17 <INFO> Registered scoring component CustomAlerts
22:55:17 <INFO> Registered scoring component DockStream
22:55:17 <INFO> Registered scoring component ExternalProcess
22:55:17 <INFO> Registered scoring component REST
22:55:17 <INFO> Registered scoring component Icolos
22:55:17 <INFO> Registered scoring component Maize
22:55:17 <INFO> Registered scoring component MMP
22:55:17 <INFO> Registered scoring component Qptuna
22:55:17 <INFO> Registered scoring component ReactionFilter
22:55:17 <INFO> Registered scoring component RingPrecedence
22:55:17 <INFO> Creating filter component custom_alerts
22:55:17 <INFO> Creating scoring component QED
22:55:17 <INFO> Creating scoring component TanimotoDistance
22:55:17 <INFO> Creating scoring component ExternalProcess
22:55:17 <INFO> Writing tabular data for stage to staged_learning_1.csv
22:55:17 <INFO> Starting stage 1 <<<
22:55:17 <INFO> Current GPU memory usage: 1276 MiB used, 21298 MiB free
22:56:30 <INFO> Score: 0.65 Agent NLL: 5.60 Valid: 100% Step: 1
 | Agent Prior Target Score SMILES SMILES_state Input_SMILES QED QED (raw) TanimotoDistance TanimotoDistance (raw) maize maize (raw) Unwanted SMARTS Unwanted SMARTS (raw) matchting_patterns (Unwanted SMARTS)
 | 8.4473 8.4473 66.3244 0.5841539 CC(C)(C)[C@@H](CO)NC(=O)[C@@H]1C[C@@H](O)CN1C(=O)CNC(=O)c1ccc2cc(F)ccc2n1 1 COc1ccc([C@H](C)NC(=O)[C@@H]2C[C@@H](O)CN2C(=O)CNC(=O)c2ccc3cc(F)ccc3n2)c(Cl)c1 0.4989768 0.4990 0.6462585 0.6463 0.5910757 -8.2200 1.0000000 1.0000 []
 | 5.2911 5.2911 84.1880 0.6990557 CC(C)C(NC(=O)[C@@H]1C[C@@H](O)CN1C(=O)CNC(=O)c1ccc2cc(F)ccc2n1)c1ccc(F)cc1 1 COc1ccc([C@H](C)NC(=O)[C@@H]2C[C@@H](O)CN2C(=O)CNC(=O)c2ccc3cc(F)ccc3n2)c(Cl)c1 0.4527307 0.4527 0.7619048 0.7619 0.7540984 -9.6900 1.0000000 1.0000 []
 | 4.3390 4.3390 83.3356 0.6849576 CC(C)C[C@H](NC(=O)[C@@H]1C[C@@H](O)CN1C(=O)CNC(=O)c1ccc2cc(F)ccc2n1)c1ccccc1 1 COc1ccc([C@H](C)NC(=O)[C@@H]2C[C@@H](O)CN2C(=O)CNC(=O)c2ccc3cc(F)ccc3n2)c(Cl)c1 0.4350574 0.4351 0.7171053 0.7171 0.7502833 -9.6500 1.0000000 1.0000 []
 | 10.0610 10.0610 67.0730 0.6026096 CN(C)CCC(C)(C)CNC(=O)[C@@H]1C[C@@H](O)CN1C(=O)CNC(=O)c1ccc2cc(F)ccc2n1 1 COc1ccc([C@H](C)NC(=O)[C@@H]2C[C@@H](O)CN2C(=O)CNC(=O)c2ccc3cc(F)ccc3n2)c(Cl)c1 0.4891323 0.4891 0.6089744 0.6090 0.6347433 -8.5800 1.0000000 1.0000 []
 | 6.1067 6.1067 74.6332 0.6307810 C[C@@H](NC(=O)[C@@H]1C[C@@H](O)CN1C(=O)CNC(=O)c1ccc2cc(Cl)ccc2n1)c1ccccc1 1 COc1ccc([C@H](C)NC(=O)[C@@H]2C[C@@H](O)CN2C(=O)CNC(=O)c2ccc3cc(F)ccc3n2)c(Cl)c1 0.5015183 0.5015 0.7746479 0.7746 0.6263998 -8.5100 1.0000000 1.0000 []
 | 4.9537 4.9537 77.5430 0.6445056 O=C(NCC(=O)N1CCC[C@H]1C(=O)NCc1ccc(Cl)cc1)c1ccc2cc(F)ccc2n1 1 COc1ccc([C@H](C)NC(=O)[C@@H]2C[C@@H](O)CN2C(=O)CNC(=O)c2ccc3cc(F)ccc3n2)c(Cl)c1 0.5813532 0.5814 0.6129032 0.6129 0.6729321 -8.9100 1.0000000 1.0000 []
 | 3.8934 3.8934 74.8619 0.6152758 O=C(NCC(=O)N1C[C@H](O)C[C@H]1C(=O)NCc1ccc(Cl)cc1)c1ccc2cc(F)ccc2n1 1 COc1ccc([C@H](C)NC(=O)[C@@H]2C[C@@H](O)CN2C(=O)CNC(=O)c2ccc3cc(F)ccc3n2)c(Cl)c1 0.4955094 0.4955 0.7260274 0.7260 0.6179802 -8.4400 1.0000000 1.0000 []
 | 3.2004 3.2004 86.9268 0.7041183 O=C(NCC(=O)N1C[C@H](O)C[C@H]1C(=O)NCc1cccc(Cl)c1)c1ccc2cc(F)ccc2n1 1 COc1ccc([C@H](C)NC(=O)[C@@H]2C[C@@H](O)CN2C(=O)CNC(=O)c2ccc3cc(F)ccc3n2)c(Cl)c1 0.4955094 0.4955 0.7210884 0.7211 0.7616100 -9.7700 1.0000000 1.0000 []
 | 4.1093 4.1093 77.9317 0.6409448 O=C(NCC(=O)N1CCC[C@H]1C(=O)NCc1ccc(Cl)c(Cl)c1)c1ccc2cc(F)ccc2n1 1 COc1ccc([C@H](C)NC(=O)[C@@H]2C[C@@H](O)CN2C(=O)CNC(=O)c2ccc3cc(F)ccc3n2)c(Cl)c1 0.5367966 0.5368 0.6012658 0.6013 0.6840929 -9.0100 1.0000000 1.0000 []
22:57:08 <INFO> Score: 0.61 Agent NLL: 5.04 Valid: 100% Step: 2
 | Agent Prior Target Score SMILES SMILES_state Input_SMILES QED QED (raw) TanimotoDistance TanimotoDistance (raw) maize maize (raw) Unwanted SMARTS Unwanted SMARTS (raw) matchting_patterns (Unwanted SMARTS)
 | 5.1405 7.2593 64.5778 0.5612279 CC(C)C[C@@H](CO)NC(=O)[C@@H]1C[C@@H](O)CN1C(=O)CNC(=O)c1ccc2cc(F)ccc2n1 1 COc1ccc([C@H](C)NC(=O)[C@@H]2C[C@@H](O)CN2C(=O)CNC(=O)c2ccc3cc(F)ccc3n2)c(Cl)c1 0.4559778 0.4560 0.6375839 0.6376 0.5698961 -8.0500 1.0000000 1.0000 []
 | 12.1658 13.6305 67.9702 0.6375054 C[C@H](NC(=O)[C@@H]1CCCN1C(=O)CN(C)C(=O)CNC(=O)c1ccc2cc(F)ccc2n1)c1ccc(F)cc1 1 COc1ccc([C@H](C)NC(=O)[C@@H]2C[C@@H](O)CN2C(=O)CNC(=O)c2ccc3cc(F)ccc3n2)c(Cl)c1 0.4589687 0.4590 0.6242424 0.6242 0.6950453 -9.1100 1.0000000 1.0000 []
 | 3.8135 6.1575 75.5144 0.6380614 O=C(NCC(=O)N1CCC[C@H]1C(=O)NCCc1ccc(Cl)cc1)c1ccc2cc(F)ccc2n1 1 COc1ccc([C@H](C)NC(=O)[C@@H]2C[C@@H](O)CN2C(=O)CNC(=O)c2ccc3cc(F)ccc3n2)c(Cl)c1 0.5410605 0.5411 0.6075949 0.6076 0.6763016 -8.9400 1.0000000 1.0000 []
 | 4.8257 6.5231 64.5601 0.5553376 O=C(NCC(=O)N1CCC[C@H]1C(=O)NCCc1ccc(OC(F)(F)F)cc1)c1ccc2cc(F)ccc2n1 1 COc1ccc([C@H](C)NC(=O)[C@@H]2C[C@@H](O)CN2C(=O)CNC(=O)c2ccc3cc(F)ccc3n2)c(Cl)c1 0.4337651 0.4338 0.6158537 0.6159 0.5736546 -8.0800 1.0000000 1.0000 []
 | 1.5923 4.9537 77.5430 0.6445056 O=C(NCC(=O)N1CCC[C@H]1C(=O)NCc1ccc(Cl)cc1)c1ccc2cc(F)ccc2n1 1 COc1ccc([C@H](C)NC(=O)[C@@H]2C[C@@H](O)CN2C(=O)CNC(=O)c2ccc3cc(F)ccc3n2)c(Cl)c1 0.5813532 0.5814 0.6129032 0.6129 0.6729321 -8.9100 1.0000000 1.0000 []
 | 2.7319 3.8934 74.8619 0.6152758 O=C(NCC(=O)N1C[C@H](O)C[C@H]1C(=O)NCc1ccc(Cl)cc1)c1ccc2cc(F)ccc2n1 1 COc1ccc([C@H](C)NC(=O)[C@@H]2C[C@@H](O)CN2C(=O)CNC(=O)c2ccc3cc(F)ccc3n2)c(Cl)c1 0.4955094 0.4955 0.7260274 0.7260 0.6179802 -8.4400 1.0000000 1.0000 []
22:57:48 <INFO> Score: 0.63 Agent NLL: 4.46 Valid: 100% Step: 3
 | Agent Prior Target Score SMILES SMILES_state Input_SMILES QED QED (raw) TanimotoDistance TanimotoDistance (raw) maize maize (raw) Unwanted SMARTS Unwanted SMARTS (raw) matchting_patterns (Unwanted SMARTS)
 | 7.1255 11.1737 76.6633 0.6862270 CC(C)C(Cc1ccc(F)cc1)NC(=O)[C@@H]1C[C@@H](O)CN1C(=O)CNC(=O)c1ccc2cc(F)ccc2n1 1 COc1ccc([C@H](C)NC(=O)[C@@H]2C[C@@H](O)CN2C(=O)CNC(=O)c2ccc3cc(F)ccc3n2)c(Cl)c1 0.4195955 0.4196 0.7077922 0.7078 0.7597469 -9.7500 1.0000000 1.0000 []
 | 6.2671 9.9629 74.3496 0.6586917 CC(C)C[C@H](NC(=O)[C@@H]1CCCN1C(=O)CNC(=O)c1ccc2cc(F)ccc2n1)c1ccccc1 1 COc1ccc([C@H](C)NC(=O)[C@@H]2C[C@@H](O)CN2C(=O)CNC(=O)c2ccc3cc(F)ccc3n2)c(Cl)c1 0.4994466 0.4994 0.6086957 0.6087 0.7214640 -9.3600 1.0000000 1.0000 []
 | 6.6955 11.7074 64.7997 0.5977114 O=C(NCC(=O)N1CCCC[C@H]1C(=O)NCCc1ccc(OCCO)cc1)c1ccc2cc(F)ccc2n1 1 COc1ccc([C@H](C)NC(=O)[C@@H]2C[C@@H](O)CN2C(=O)CNC(=O)c2ccc3cc(F)ccc3n2)c(Cl)c1 0.3755971 0.3756 0.6107784 0.6108 0.6604256 -8.8000 1.0000000 1.0000 []
 | 1.9138 6.5231 64.5601 0.5553376 O=C(NCC(=O)N1CCC[C@H]1C(=O)NCCc1ccc(OC(F)(F)F)cc1)c1ccc2cc(F)ccc2n1 1 COc1ccc([C@H](C)NC(=O)[C@@H]2C[C@@H](O)CN2C(=O)CNC(=O)c2ccc3cc(F)ccc3n2)c(Cl)c1 0.4337651 0.4338 0.6158537 0.6159 0.5736546 -8.0800 1.0000000 1.0000 []
 | 1.4252 4.9537 77.5430 0.6445056 O=C(NCC(=O)N1CCC[C@H]1C(=O)NCc1ccc(Cl)cc1)c1ccc2cc(F)ccc2n1 1 COc1ccc([C@H](C)NC(=O)[C@@H]2C[C@@H](O)CN2C(=O)CNC(=O)c2ccc3cc(F)ccc3n2)c(Cl)c1 0.5813532 0.5814 0.6129032 0.6129 0.6729321 -8.9100 1.0000000 1.0000 []
 | 3.3037 3.8934 74.8619 0.6152758 O=C(NCC(=O)N1C[C@H](O)C[C@H]1C(=O)NCc1ccc(Cl)cc1)c1ccc2cc(F)ccc2n1 1 COc1ccc([C@H](C)NC(=O)[C@@H]2C[C@@H](O)CN2C(=O)CNC(=O)c2ccc3cc(F)ccc3n2)c(Cl)c1 0.4955094 0.4955 0.7260274 0.7260 0.6179802 -8.4400 1.0000000 1.0000 []
22:58:42 <INFO> Score: 0.61 Agent NLL: 6.10 Valid: 100% Step: 4
 | Agent Prior Target Score SMILES SMILES_state Input_SMILES QED QED (raw) TanimotoDistance TanimotoDistance (raw) maize maize (raw) Unwanted SMARTS Unwanted SMARTS (raw) matchting_patterns (Unwanted SMARTS)
 | 7.7047 11.5018 70.2388 0.6385978 CC(C)(C)CCNC(=O)[C@@H]1C[C@@H](F)CN1C(=O)CNC(=O)c1ccc2cc(F)ccc2n1 1 COc1ccc([C@H](C)NC(=O)[C@@H]2C[C@@H](O)CN2C(=O)CNC(=O)c2ccc3cc(F)ccc3n2)c(Cl)c1 0.7137150 0.7137 0.5448718 0.5449 0.6441804 -8.6600 1.0000000 1.0000 []
 | 9.0746 15.2684 59.5977 0.5848915 N[C@@H](CC(=O)N1CCC[C@H]1C(=O)NCC(=O)c1ccc2cc(F)ccc2n1)C1CCCCC1 1 COc1ccc([C@H](C)NC(=O)[C@@H]2C[C@@H](O)CN2C(=O)CNC(=O)c2ccc3cc(F)ccc3n2)c(Cl)c1 0.6260323 0.6260 0.3736264 0.3736 0.6359289 -8.5900 1.0000000 1.0000 []
 | 3.9899 7.2155 77.9231 0.6651459 O=C(NCC(=O)N1CCCC[C@H]1C(=O)NCc1ccc(Cl)cc1)c1ccc2cc(F)ccc2n1 1 COc1ccc([C@H](C)NC(=O)[C@@H]2C[C@@H](O)CN2C(=O)CNC(=O)c2ccc3cc(F)ccc3n2)c(Cl)c1 0.5626366 0.5626 0.6075949 0.6076 0.7131639 -9.2800 1.0000000 1.0000 []
 | 3.6313 11.5447 53.3382 0.5068981 O=C(NCC(=O)N1CCC[C@H]1C(=O)NCCCc1ccc(OCCO)cc1)c1ccc2cc(F)ccc2n1 1 COc1ccc([C@H](C)NC(=O)[C@@H]2C[C@@H](O)CN2C(=O)CNC(=O)c2ccc3cc(F)ccc3n2)c(Cl)c1 0.3323012 0.3323 0.6107784 0.6108 0.5281130 -7.7200 1.0000000 1.0000 []
 | 1.3050 10.8161 62.0882 0.5695643 O=C(NCC(=O)N1CCC[C@H]1C(=O)NCCc1ccc(OCCO)cc1)c1ccc2cc(F)ccc2n1 1 COc1ccc([C@H](C)NC(=O)[C@@H]2C[C@@H](O)CN2C(=O)CNC(=O)c2ccc3cc(F)ccc3n2)c(Cl)c1 0.3843403 0.3843 0.6257669 0.6258 0.6082708 -8.3600 1.0000000 1.0000 []
 | 13.1505 15.7759 70.0960 0.6708745 O=C(NCC(=O)N1CCC[C@H]1C(=O)NC[C@H]1CC[C@H](c2ccccc2)CC1)c1ccc2cc(F)ccc2n1 1 COc1ccc([C@H](C)NC(=O)[C@@H]2C[C@@H](O)CN2C(=O)CNC(=O)c2ccc3cc(F)ccc3n2)c(Cl)c1 0.4928861 0.4929 0.5340909 0.5341 0.7653061 -9.8100 1.0000000 1.0000 []
 | 3.8523 3.8934 74.8619 0.6152758 O=C(NCC(=O)N1C[C@H](O)C[C@H]1C(=O)NCc1ccc(Cl)cc1)c1ccc2cc(F)ccc2n1 1 COc1ccc([C@H](C)NC(=O)[C@@H]2C[C@@H](O)CN2C(=O)CNC(=O)c2ccc3cc(F)ccc3n2)c(Cl)c1 0.4955094 0.4955 0.7260274 0.7260 0.6179802 -8.4400 1.0000000 1.0000 []
22:59:21 <INFO> Score: 0.58 Agent NLL: 5.05 Valid: 100% Step: 5
 | Agent Prior Target Score SMILES SMILES_state Input_SMILES QED QED (raw) TanimotoDistance TanimotoDistance (raw) maize maize (raw) Unwanted SMARTS Unwanted SMARTS (raw) matchting_patterns (Unwanted SMARTS)
 | 7.1934 13.0741 53.5636 0.5206075 CC(C)C[C@H](CO)NC(=O)[C@@H]1C[C@@H](F)CN1C(=O)CNC(=O)c1ccc2cc(F)ccc2n1 1 COc1ccc([C@H](C)NC(=O)[C@@H]2C[C@@H](O)CN2C(=O)CNC(=O)c2ccc3cc(F)ccc3n2)c(Cl)c1 0.5515023 0.5515 0.5541401 0.5541 0.5012792 -7.5100 1.0000000 1.0000 []
 | 4.2574 9.9629 74.3496 0.6586917 CC(C)C[C@H](NC(=O)[C@@H]1CCCN1C(=O)CNC(=O)c1ccc2cc(F)ccc2n1)c1ccccc1 1 COc1ccc([C@H](C)NC(=O)[C@@H]2C[C@@H](O)CN2C(=O)CNC(=O)c2ccc3cc(F)ccc3n2)c(Cl)c1 0.4994466 0.4994 0.6086957 0.6087 0.7214640 -9.3600 1.0000000 1.0000 []
 | 9.1421 11.8025 68.5633 0.6278580 C[C@@H](NC(=O)[C@@H]1CCCN1C(=O)CNC(=O)c1ccc2cc(F)ccc2n1)c1ccc(C(F)(F)F)cc1 1 COc1ccc([C@H](C)NC(=O)[C@@H]2C[C@@H](O)CN2C(=O)CNC(=O)c2ccc3cc(F)ccc3n2)c(Cl)c1 0.4850811 0.4851 0.6392405 0.6392 0.6672764 -8.8600 1.0000000 1.0000 []
 | 8.5378 20.1202 53.1241 0.5722210 O=C(NCC(=O)N1CCCC[C@H]1C(=O)NCCCCc1ccc(OCCO)cc1)c1ccc2cc(F)ccc2n1 1 COc1ccc([C@H](C)NC(=O)[C@@H]2C[C@@H](O)CN2C(=O)CNC(=O)c2ccc3cc(F)ccc3n2)c(Cl)c1 0.2983679 0.2984 0.5828571 0.5829 0.6511860 -8.7200 1.0000000 1.0000 []
 | 2.0487 11.7074 64.7997 0.5977114 O=C(NCC(=O)N1CCCC[C@H]1C(=O)NCCc1ccc(OCCO)cc1)c1ccc2cc(F)ccc2n1 1 COc1ccc([C@H](C)NC(=O)[C@@H]2C[C@@H](O)CN2C(=O)CNC(=O)c2ccc3cc(F)ccc3n2)c(Cl)c1 0.3755971 0.3756 0.6107784 0.6108 0.6604256 -8.8000 1.0000000 1.0000 []
 | 2.7994 11.5447 53.3382 0.5068981 O=C(NCC(=O)N1CCC[C@H]1C(=O)NCCCc1ccc(OCCO)cc1)c1ccc2cc(F)ccc2n1 1 COc1ccc([C@H](C)NC(=O)[C@@H]2C[C@@H](O)CN2C(=O)CNC(=O)c2ccc3cc(F)ccc3n2)c(Cl)c1 0.3323012 0.3323 0.6107784 0.6108 0.5281130 -7.7200 1.0000000 1.0000 []
 | 1.3510 10.8161 62.0882 0.5695643 O=C(NCC(=O)N1CCC[C@H]1C(=O)NCCc1ccc(OCCO)cc1)c1ccc2cc(F)ccc2n1 1 COc1ccc([C@H](C)NC(=O)[C@@H]2C[C@@H](O)CN2C(=O)CNC(=O)c2ccc3cc(F)ccc3n2)c(Cl)c1 0.3843403 0.3843 0.6257669 0.6258 0.6082708 -8.3600 1.0000000 1.0000 []
23:00:20 <INFO> Score: 0.62 Agent NLL: 5.14 Valid: 100% Step: 6
 | Agent Prior Target Score SMILES SMILES_state Input_SMILES QED QED (raw) TanimotoDistance TanimotoDistance (raw) maize maize (raw) Unwanted SMARTS Unwanted SMARTS (raw) matchting_patterns (Unwanted SMARTS)
 | 8.5498 15.6498 74.2838 0.7026063 CC(C)(C)C(NC(=O)[C@@H]1CCCN1C(=O)CNC(=O)c1ccc2cc(F)ccc2n1)c1ccc(F)cc1 1 COc1ccc([C@H](C)NC(=O)[C@@H]2C[C@@H](O)CN2C(=O)CNC(=O)c2ccc3cc(F)ccc3n2)c(Cl)c1 0.5237788 0.5238 0.6392405 0.6392 0.7752643 -9.9200 1.0000000 1.0000 []
 | 5.4108 11.5018 70.2388 0.6385978 CC(C)(C)CCNC(=O)[C@@H]1C[C@@H](F)CN1C(=O)CNC(=O)c1ccc2cc(F)ccc2n1 1 COc1ccc([C@H](C)NC(=O)[C@@H]2C[C@@H](O)CN2C(=O)CNC(=O)c2ccc3cc(F)ccc3n2)c(Cl)c1 0.7137150 0.7137 0.5448718 0.5449 0.6441804 -8.6600 1.0000000 1.0000 []
 | 4.3867 14.9782 66.2927 0.6349293 CC(C)C(Cc1ccc(F)cc1)NC(=O)[C@@H]1CCCN1C(=O)CNC(=O)c1ccc2cc(F)ccc2n1 1 COc1ccc([C@H](C)NC(=O)[C@@H]2C[C@@H](O)CN2C(=O)CNC(=O)c2ccc3cc(F)ccc3n2)c(Cl)c1 0.4864105 0.4864 0.6012270 0.6012 0.6895957 -9.0600 1.0000000 1.0000 []
 | 3.7921 14.6366 63.6917 0.6119404 CC(C)C[C@H](CO)NC(=O)[C@@H]1CCCN1C(=O)CNC(=O)c1ccc2cc(F)ccc2n1 1 COc1ccc([C@H](C)NC(=O)[C@@H]2C[C@@H](O)CN2C(=O)CNC(=O)c2ccc3cc(F)ccc3n2)c(Cl)c1 0.5729620 0.5730 0.5512821 0.5513 0.6418314 -8.6400 1.0000000 1.0000 []
 | 4.7640 9.5454 65.2642 0.5844497 CC(C)C[C@H](CO)NC(=O)[C@@H]1C[C@@H](O)CN1C(=O)CNC(=O)c1ccc2cc(F)ccc2n1 1 COc1ccc([C@H](C)NC(=O)[C@@H]2C[C@@H](O)CN2C(=O)CNC(=O)c2ccc3cc(F)ccc3n2)c(Cl)c1 0.4559778 0.4560 0.6375839 0.6376 0.6070510 -8.3500 1.0000000 1.0000 []
 | 4.5626 10.2722 75.9839 0.6738757 O=C(NCC(=O)N1CCCC[C@H]1C(=O)NCC1CCCCC1)c1ccc2cc(F)ccc2n1 1 COc1ccc([C@H](C)NC(=O)[C@@H]2C[C@@H](O)CN2C(=O)CNC(=O)c2ccc3cc(F)ccc3n2)c(Cl)c1 0.7014306 0.7014 0.4911243 0.4911 0.7204347 -9.3500 1.0000000 1.0000 []
 | 1.8737 11.7074 64.7997 0.5977114 O=C(NCC(=O)N1CCCC[C@H]1C(=O)NCCc1ccc(OCCO)cc1)c1ccc2cc(F)ccc2n1 1 COc1ccc([C@H](C)NC(=O)[C@@H]2C[C@@H](O)CN2C(=O)CNC(=O)c2ccc3cc(F)ccc3n2)c(Cl)c1 0.3755971 0.3756 0.6107784 0.6108 0.6604256 -8.8000 1.0000000 1.0000 []
 | 8.3543 6.5570 78.1488 0.6617644 O=C(NCC(=O)N1CCC[C@H]1C(=O)NC(c1ccccc1)c1ccccc1)c1ccc2cc(F)ccc2n1 1 COc1ccc([C@H](C)NC(=O)[C@@H]2C[C@@H](O)CN2C(=O)CNC(=O)c2ccc3cc(F)ccc3n2)c(Cl)c1 0.3932850 0.3933 0.5168539 0.5169 0.7857814 -10.0400 1.0000000 1.0000 []
 | 7.2971 9.0237 59.2425 0.5333301 O=C(NCC(=O)N1CCC[C@H]1C(=O)NCCc1c[nH]cn1)c1ccc2cc(F)ccc2n1 1 COc1ccc([C@H](C)NC(=O)[C@@H]2C[C@@H](O)CN2C(=O)CNC(=O)c2ccc3cc(F)ccc3n2)c(Cl)c1 0.5116750 0.5117 0.5214724 0.5215 0.5433839 -7.8400 1.0000000 1.0000 []
 | 2.4009 10.8161 62.0882 0.5695643 O=C(NCC(=O)N1CCC[C@H]1C(=O)NCCc1ccc(OCCO)cc1)c1ccc2cc(F)ccc2n1 1 COc1ccc([C@H](C)NC(=O)[C@@H]2C[C@@H](O)CN2C(=O)CNC(=O)c2ccc3cc(F)ccc3n2)c(Cl)c1 0.3843403 0.3843 0.6257669 0.6258 0.6082708 -8.3600 1.0000000 1.0000 []
23:01:30 <INFO> Score: 0.62 Agent NLL: 6.81 Valid: 100% Step: 7
 | Agent Prior Target Score SMILES SMILES_state Input_SMILES QED QED (raw) TanimotoDistance TanimotoDistance (raw) maize maize (raw) Unwanted SMARTS Unwanted SMARTS (raw) matchting_patterns (Unwanted SMARTS)
 | 3.8700 12.8002 70.8937 0.6538579 CC(C)(C)CCNC(=O)[C@@H]1CCCN1C(=O)CNC(=O)c1ccc2cc(F)ccc2n1 1 COc1ccc([C@H](C)NC(=O)[C@@H]2C[C@@H](O)CN2C(=O)CNC(=O)c2ccc3cc(F)ccc3n2)c(Cl)c1 0.7400662 0.7401 0.5419355 0.5419 0.6615722 -8.8100 1.0000000 1.0000 []
 | 9.6613 8.2182 73.9679 0.6420788 CC(C)(Cc1ccc(F)cc1)NC(=O)[C@@H]1C[C@@H](O)CN1C(=O)CNC(=O)c1ccc2cc(F)ccc2n1 1 COc1ccc([C@H](C)NC(=O)[C@@H]2C[C@@H](O)CN2C(=O)CNC(=O)c2ccc3cc(F)ccc3n2)c(Cl)c1 0.4519642 0.4520 0.7218543 0.7219 0.6751806 -8.9300 1.0000000 1.0000 []
 | 7.3558 14.2875 65.7181 0.6250440 CC(C)C[C@H](Cc1ccc(F)cc1)NC(=O)[C@@H]1CCCN1C(=O)CNC(=O)c1ccc2cc(F)ccc2n1 1 COc1ccc([C@H](C)NC(=O)[C@@H]2C[C@@H](O)CN2C(=O)CNC(=O)c2ccc3cc(F)ccc3n2)c(Cl)c1 0.4444423 0.4444 0.5868263 0.5868 0.6906898 -9.0700 1.0000000 1.0000 []
 | 8.4778 9.4789 66.2790 0.5918589 CC(C)[C@H](C)NC(=O)[C@@H]1C[C@@H](O)CN1C(=O)CNC(=O)c1ccc2cc(F)ccc2n1 1 COc1ccc([C@H](C)NC(=O)[C@@H]2C[C@@H](O)CN2C(=O)CNC(=O)c2ccc3cc(F)ccc3n2)c(Cl)c1 0.6382822 0.6383 0.6690141 0.6690 0.5547854 -7.9300 1.0000000 1.0000 []
 | 8.9551 15.7098 69.0265 0.6620026 CC1CCN(C(=O)[C@@H]2CCCN2C(=O)CNC(=O)c2ccc3cc(F)ccc3n2)C1 1 COc1ccc([C@H](C)NC(=O)[C@@H]2C[C@@H](O)CN2C(=O)CNC(=O)c2ccc3cc(F)ccc3n2)c(Cl)c1 0.8324063 0.8324 0.4968553 0.4969 0.6604256 -8.8000 1.0000000 1.0000 []
 | 7.0971 16.1318 69.2430 0.6669912 O=C(NCC(=O)N1CCCC[C@H]1C(=O)NCC1CCNCC1)c1ccc2cc(F)ccc2n1 1 COc1ccc([C@H](C)NC(=O)[C@@H]2C[C@@H](O)CN2C(=O)CNC(=O)c2ccc3cc(F)ccc3n2)c(Cl)c1 0.6140665 0.6141 0.4911243 0.4911 0.7356287 -9.5000 1.0000000 1.0000 []
 | 2.8471 14.9732 62.0274 0.6015671 O=C(NCC(=O)N1CCCC[C@H]1C(=O)NCCCc1ccc(OCCO)cc1)c1ccc2cc(F)ccc2n1 1 COc1ccc([C@H](C)NC(=O)[C@@H]2C[C@@H](O)CN2C(=O)CNC(=O)c2ccc3cc(F)ccc3n2)c(Cl)c1 0.3241990 0.3242 0.5964912 0.5965 0.6863003 -9.0300 1.0000000 1.0000 []
 | 10.0156 14.5365 53.6502 0.5327090 O=C(NCC(=O)N1CCC[C@H]1C(=O)NCCc1cc[nH]n1)c1ccc2cc(F)ccc2n1 1 COc1ccc([C@H](C)NC(=O)[C@@H]2C[C@@H](O)CN2C(=O)CNC(=O)c2ccc3cc(F)ccc3n2)c(Cl)c1 0.5116750 0.5117 0.5308642 0.5309 0.5395727 -7.8100 1.0000000 1.0000 []
 | 3.0389 10.8161 62.0882 0.5695643 O=C(NCC(=O)N1CCC[C@H]1C(=O)NCCc1ccc(OCCO)cc1)c1ccc2cc(F)ccc2n1 1 COc1ccc([C@H](C)NC(=O)[C@@H]2C[C@@H](O)CN2C(=O)CNC(=O)c2ccc3cc(F)ccc3n2)c(Cl)c1 0.3843403 0.3843 0.6257669 0.6258 0.6082708 -8.3600 1.0000000 1.0000 []
23:02:22 <INFO> Score: 0.60 Agent NLL: 5.36 Valid: 100% Step: 8
 | Agent Prior Target Score SMILES SMILES_state Input_SMILES QED QED (raw) TanimotoDistance TanimotoDistance (raw) maize maize (raw) Unwanted SMARTS Unwanted SMARTS (raw) matchting_patterns (Unwanted SMARTS)
 | 7.1853 23.8881 60.4326 0.6587554 CC(C)(C)C(Cc1ccc(F)cc1)NC(=O)[C@@H]1CCCN1C(=O)CNC(=O)c1ccc2cc(F)ccc2n1 1 COc1ccc([C@H](C)NC(=O)[C@@H]2C[C@@H](O)CN2C(=O)CNC(=O)c2ccc3cc(F)ccc3n2)c(Cl)c1 0.4907416 0.4907 0.5939394 0.5939 0.7286044 -9.4300 1.0000000 1.0000 []
 | 4.0003 14.9782 66.2927 0.6349293 CC(C)C(Cc1ccc(F)cc1)NC(=O)[C@@H]1CCCN1C(=O)CNC(=O)c1ccc2cc(F)ccc2n1 1 COc1ccc([C@H](C)NC(=O)[C@@H]2C[C@@H](O)CN2C(=O)CNC(=O)c2ccc3cc(F)ccc3n2)c(Cl)c1 0.4864105 0.4864 0.6012270 0.6012 0.6895957 -9.0600 1.0000000 1.0000 []
 | 5.7486 14.8744 67.2860 0.6418782 CC(C)C(Cc1ccc(F)cc1)NC(=O)[C@@H]1C[C@@H](F)CN1C(=O)CNC(=O)c1ccc2cc(F)ccc2n1 1 COc1ccc([C@H](C)NC(=O)[C@@H]2C[C@@H](O)CN2C(=O)CNC(=O)c2ccc3cc(F)ccc3n2)c(Cl)c1 0.4697376 0.4697 0.5939394 0.5939 0.7079020 -9.2300 1.0000000 1.0000 []
 | 6.4481 24.3124 57.2732 0.6373876 CC(C)CC(CNC(=O)[C@@H]1CCCN1C(=O)CNC(=O)c1ccc2cc(F)ccc2n1)c1ccccc1 1 COc1ccc([C@H](C)NC(=O)[C@@H]2C[C@@H](O)CN2C(=O)CNC(=O)c2ccc3cc(F)ccc3n2)c(Cl)c1 0.4602037 0.4602 0.5654762 0.5655 0.7121161 -9.2700 1.0000000 1.0000 []
 | 2.9697 20.1202 53.1241 0.5722210 O=C(NCC(=O)N1CCCC[C@H]1C(=O)NCCCCc1ccc(OCCO)cc1)c1ccc2cc(F)ccc2n1 1 COc1ccc([C@H](C)NC(=O)[C@@H]2C[C@@H](O)CN2C(=O)CNC(=O)c2ccc3cc(F)ccc3n2)c(Cl)c1 0.2983679 0.2984 0.5828571 0.5829 0.6511860 -8.7200 1.0000000 1.0000 []
 | 2.7959 11.7074 64.7997 0.5977114 O=C(NCC(=O)N1CCCC[C@H]1C(=O)NCCc1ccc(OCCO)cc1)c1ccc2cc(F)ccc2n1 1 COc1ccc([C@H](C)NC(=O)[C@@H]2C[C@@H](O)CN2C(=O)CNC(=O)c2ccc3cc(F)ccc3n2)c(Cl)c1 0.3755971 0.3756 0.6107784 0.6108 0.6604256 -8.8000 1.0000000 1.0000 []
 | 4.5004 14.9016 50.6864 0.5124064 O=C(NCC(=O)N1CCC[C@H]1C(=O)NCC1CCN(CCO)CC1)c1ccc2cc(F)ccc2n1 1 COc1ccc([C@H](C)NC(=O)[C@@H]2C[C@@H](O)CN2C(=O)CNC(=O)c2ccc3cc(F)ccc3n2)c(Cl)c1 0.5123106 0.5123 0.4941860 0.4942 0.5179013 -7.6400 1.0000000 1.0000 []
 | 6.0296 19.2827 42.8713 0.4855786 O=C(NCC(=O)N1CCC[C@H]1C(=O)NCCCc1ccc(OCCOCCO)cc1)c1ccc2cc(F)ccc2n1 1 COc1ccc([C@H](C)NC(=O)[C@@H]2C[C@@H](O)CN2C(=O)CNC(=O)c2ccc3cc(F)ccc3n2)c(Cl)c1 0.2552934 0.2553 0.5698324 0.5698 0.5293880 -7.7300 1.0000000 1.0000 []
 | 8.6048 3.8934 74.8619 0.6152758 O=C(NCC(=O)N1C[C@H](O)C[C@H]1C(=O)NCc1ccc(Cl)cc1)c1ccc2cc(F)ccc2n1 1 COc1ccc([C@H](C)NC(=O)[C@@H]2C[C@@H](O)CN2C(=O)CNC(=O)c2ccc3cc(F)ccc3n2)c(Cl)c1 0.4955094 0.4955 0.7260274 0.7260 0.6179802 -8.4400 1.0000000 1.0000 []
23:03:19 <INFO> Score: 0.62 Agent NLL: 6.29 Valid: 100% Step: 9
 | Agent Prior Target Score SMILES SMILES_state Input_SMILES QED QED (raw) TanimotoDistance TanimotoDistance (raw) maize maize (raw) Unwanted SMARTS Unwanted SMARTS (raw) matchting_patterns (Unwanted SMARTS)
 | 4.4958 23.8881 60.4326 0.6587554 CC(C)(C)C(Cc1ccc(F)cc1)NC(=O)[C@@H]1CCCN1C(=O)CNC(=O)c1ccc2cc(F)ccc2n1 1 COc1ccc([C@H](C)NC(=O)[C@@H]2C[C@@H](O)CN2C(=O)CNC(=O)c2ccc3cc(F)ccc3n2)c(Cl)c1 0.4907416 0.4907 0.5939394 0.5939 0.7286044 -9.4300 1.0000000 1.0000 []
 | 6.0103 18.2926 58.9170 0.6031998 CC(C)(C)[C@H](CO)NC(=O)[C@@H]1CCCN1C(=O)CNC(=O)c1ccc2cc(F)ccc2n1 1 COc1ccc([C@H](C)NC(=O)[C@@H]2C[C@@H](O)CN2C(=O)CNC(=O)c2ccc3cc(F)ccc3n2)c(Cl)c1 0.6269927 0.6270 0.5584416 0.5584 0.6094894 -8.3700 1.0000000 1.0000 []
 | 5.9256 15.2875 73.9455 0.6971328 CC(C)(CNC(=O)[C@@H]1CCCN1C(=O)CNC(=O)c1ccc2cc(F)ccc2n1)c1ccc(F)cc1 1 COc1ccc([C@H](C)NC(=O)[C@@H]2C[C@@H](O)CN2C(=O)CNC(=O)c2ccc3cc(F)ccc3n2)c(Cl)c1 0.5272875 0.5273 0.6125000 0.6125 0.7734762 -9.9000 1.0000000 1.0000 []
 | 3.6065 14.9782 66.2927 0.6349293 CC(C)C(Cc1ccc(F)cc1)NC(=O)[C@@H]1CCCN1C(=O)CNC(=O)c1ccc2cc(F)ccc2n1 1 COc1ccc([C@H](C)NC(=O)[C@@H]2C[C@@H](O)CN2C(=O)CNC(=O)c2ccc3cc(F)ccc3n2)c(Cl)c1 0.4864105 0.4864 0.6012270 0.6012 0.6895957 -9.0600 1.0000000 1.0000 []
 | 8.5107 22.4477 55.3942 0.6081398 CN(CC(=O)N1CCC[C@H]1C(=O)N[C@@H](CO)c1ccc(F)cc1)C(=O)CNC(=O)c1ccc2cc(F)ccc2n1 1 COc1ccc([C@H](C)NC(=O)[C@@H]2C[C@@H](O)CN2C(=O)CNC(=O)c2ccc3cc(F)ccc3n2)c(Cl)c1 0.3685237 0.3685 0.6130952 0.6131 0.6785380 -8.9600 1.0000000 1.0000 []
 | 7.4625 14.9858 55.5588 0.5511292 O=C(NCC(=O)N1CCCC[C@H]1C(=O)NCCCc1ncc[nH]1)c1ccc2cc(F)ccc2n1 1 COc1ccc([C@H](C)NC(=O)[C@@H]2C[C@@H](O)CN2C(=O)CNC(=O)c2ccc3cc(F)ccc3n2)c(Cl)c1 0.4385571 0.4386 0.5058824 0.5059 0.5984749 -8.2800 1.0000000 1.0000 []
 | 9.6575 15.1774 68.7665 0.6558118 O=C(NCC(=O)N1CCCC[C@H]1C(=O)NCCSc1ccccc1)c1ccc2cc(F)ccc2n1 1 COc1ccc([C@H](C)NC(=O)[C@@H]2C[C@@H](O)CN2C(=O)CNC(=O)c2ccc3cc(F)ccc3n2)c(Cl)c1 0.3700814 0.3701 0.5950920 0.5951 0.7597469 -9.7500 1.0000000 1.0000 []
 | 5.4497 15.5494 60.2377 0.5920873 O=C(NCC(=O)N1CCC[C@H]1C(=O)NCCCc1cc[nH]n1)c1ccc2cc(F)ccc2n1 1 COc1ccc([C@H](C)NC(=O)[C@@H]2C[C@@H](O)CN2C(=O)CNC(=O)c2ccc3cc(F)ccc3n2)c(Cl)c1 0.4483106 0.4483 0.5272727 0.5273 0.6546646 -8.7500 1.0000000 1.0000 []
 | 2.8680 11.5447 53.3382 0.5068981 O=C(NCC(=O)N1CCC[C@H]1C(=O)NCCCc1ccc(OCCO)cc1)c1ccc2cc(F)ccc2n1 1 COc1ccc([C@H](C)NC(=O)[C@@H]2C[C@@H](O)CN2C(=O)CNC(=O)c2ccc3cc(F)ccc3n2)c(Cl)c1 0.3323012 0.3323 0.6107784 0.6108 0.5281130 -7.7200 1.0000000 1.0000 []
 | 8.9033 19.5941 67.7443 0.6823317 O=C(NCC(=O)N1CC[C@H](O)[C@H]1C(=O)NCC1CCCCC1)c1ccc2cc(F)ccc2n1 1 COc1ccc([C@H](C)NC(=O)[C@@H]2C[C@@H](O)CN2C(=O)CNC(=O)c2ccc3cc(F)ccc3n2)c(Cl)c1 0.6134562 0.6135 0.5151515 0.5152 0.7531484 -9.6800 1.0000000 1.0000 []
23:04:33 <INFO> Score: 0.61 Agent NLL: 6.71 Valid: 100% Step: 10
 | Agent Prior Target Score SMILES SMILES_state Input_SMILES QED QED (raw) TanimotoDistance TanimotoDistance (raw) maize maize (raw) Unwanted SMARTS Unwanted SMARTS (raw) matchting_patterns (Unwanted SMARTS)
 | 3.6144 23.8881 60.4326 0.6587554 CC(C)(C)C(Cc1ccc(F)cc1)NC(=O)[C@@H]1CCCN1C(=O)CNC(=O)c1ccc2cc(F)ccc2n1 1 COc1ccc([C@H](C)NC(=O)[C@@H]2C[C@@H](O)CN2C(=O)CNC(=O)c2ccc3cc(F)ccc3n2)c(Cl)c1 0.4907416 0.4907 0.5939394 0.5939 0.7286044 -9.4300 1.0000000 1.0000 []
 | 5.1278 24.4120 60.7063 0.6649864 CC(C)(C)C(Cc1ccc(F)cc1)NC(=O)[C@@H]1C[C@@H](F)CN1C(=O)CNC(=O)c1ccc2cc(F)ccc2n1 1 COc1ccc([C@H](C)NC(=O)[C@@H]2C[C@@H](O)CN2C(=O)CNC(=O)c2ccc3cc(F)ccc3n2)c(Cl)c1 0.4749035 0.4749 0.5868263 0.5868 0.7454593 -9.6000 1.0000000 1.0000 []
 | 12.4187 20.1970 63.2681 0.6520718 CC(C)(Cc1ccc(F)cc1)NC(=O)C1COCCN1C(=O)CNC(=O)c1ccc2cc(F)ccc2n1 1 COc1ccc([C@H](C)NC(=O)[C@@H]2C[C@@H](O)CN2C(=O)CNC(=O)c2ccc3cc(F)ccc3n2)c(Cl)c1 0.5091396 0.5091 0.5878788 0.5879 0.7142094 -9.2900 1.0000000 1.0000 []
 | 3.0937 11.0391 68.9599 0.6249916 CC(C)(Cc1ccc(F)cc1)NC(=O)[C@@H]1CCCN1C(=O)CNC(=O)c1ccc2cc(F)ccc2n1 1 COc1ccc([C@H](C)NC(=O)[C@@H]2C[C@@H](O)CN2C(=O)CNC(=O)c2ccc3cc(F)ccc3n2)c(Cl)c1 0.5270326 0.5270 0.6125000 0.6125 0.6581267 -8.7800 1.0000000 1.0000 []
 | 6.8372 11.8247 73.7590 0.6686229 CC(C)C[C@H](Cc1ccc(F)cc1)NC(=O)[C@@H]1C[C@@H](O)CN1C(=O)CNC(=O)c1ccc2cc(F)ccc2n1 1 COc1ccc([C@H](C)NC(=O)[C@@H]2C[C@@H](O)CN2C(=O)CNC(=O)c2ccc3cc(F)ccc3n2)c(Cl)c1 0.3880186 0.3880 0.6898734 0.6899 0.7464290 -9.6100 1.0000000 1.0000 []
 | 12.0093 20.4749 61.5711 0.6409847 CCC(NC(=O)[C@@H]1CCCN1C(=O)CNC(=O)c1ccc2cc(F)ccc2n1)c1ccc(-c2ccccc2)cc1 1 COc1ccc([C@H](C)NC(=O)[C@@H]2C[C@@H](O)CN2C(=O)CNC(=O)c2ccc3cc(F)ccc3n2)c(Cl)c1 0.3293138 0.3293 0.5536723 0.5537 0.7606797 -9.7600 1.0000000 1.0000 []
 | 6.5180 23.4878 39.8692 0.4949767 O=C(NCC(=O)N1CCCC[C@H]1C(=O)NCCCc1ccc(OCCOCCO)cc1)c1ccc2cc(F)ccc2n1 1 COc1ccc([C@H](C)NC(=O)[C@@H]2C[C@@H](O)CN2C(=O)CNC(=O)c2ccc3cc(F)ccc3n2)c(Cl)c1 0.2500842 0.2501 0.5573770 0.5574 0.5497244 -7.8900 1.0000000 1.0000 []
 | 9.0039 26.5287 51.0108 0.6057774 O=C(NCC(=O)N1CCC[C@H]1C(=O)NCC(O)C1CCNCC1)c1ccc2cc(F)ccc2n1 1 COc1ccc([C@H](C)NC(=O)[C@@H]2C[C@@H](O)CN2C(=O)CNC(=O)c2ccc3cc(F)ccc3n2)c(Cl)c1 0.4683064 0.4683 0.5119048 0.5119 0.6751806 -8.9300 1.0000000 1.0000 []
 | 4.4859 14.5365 53.6502 0.5327090 O=C(NCC(=O)N1CCC[C@H]1C(=O)NCCc1cc[nH]n1)c1ccc2cc(F)ccc2n1 1 COc1ccc([C@H](C)NC(=O)[C@@H]2C[C@@H](O)CN2C(=O)CNC(=O)c2ccc3cc(F)ccc3n2)c(Cl)c1 0.5116750 0.5117 0.5308642 0.5309 0.5395727 -7.8100 1.0000000 1.0000 []
 | 3.9685 10.8161 62.0882 0.5695643 O=C(NCC(=O)N1CCC[C@H]1C(=O)NCCc1ccc(OCCO)cc1)c1ccc2cc(F)ccc2n1 1 COc1ccc([C@H](C)NC(=O)[C@@H]2C[C@@H](O)CN2C(=O)CNC(=O)c2ccc3cc(F)ccc3n2)c(Cl)c1 0.3843403 0.3843 0.6257669 0.6258 0.6082708 -8.3600 1.0000000 1.0000 []
