02:03:29 <INFO> Started REINVENT 4.6.22 (C) AstraZeneca 2017, 2023 on 2025-09-03
02:03:29 <INFO> Command line: /home/a/miniconda3/envs/reinvent4/bin/reinvent --log-filename reinvent.log -f toml config.toml
02:03:29 <INFO> Reading run configuration from /home/a/REINVENT4/ReinventStudies/pleaseWork/justmol2mol_4_Compounds_ontop/graph-dock-hn62wh/node-reinvent/config.toml using format toml
02:03:29 <INFO> User a on host l4-redo
02:03:29 <INFO> Python version 3.10.18
02:03:29 <INFO> PyTorch version 2.7.1+cu128, git e2d141dbde55c2a4370fac5165b0561b6af4798b
02:03:29 <INFO> PyTorch compiled with CUDA version 12.8
02:03:29 <INFO> RDKit version 2025.03.5
02:03:29 <INFO> Platform Linux-6.1.0-38-cloud-amd64-x86_64-with-glibc2.36
02:03:29 <INFO> CUDA driver version 570.86.10
02:03:29 <INFO> Number of PyTorch CUDA devices 1
02:03:29 <WARN> 'use_cuda' is deprecated, use 'device' instead
02:03:30 <INFO> Using CUDA device:0 NVIDIA L4
02:03:30 <INFO> GPU memory: 21073 MiB free, 22574 MiB total
02:03:30 <INFO> Writing TensorBoard summary to /home/a/REINVENT4/ReinventStudies/pleaseWork/justmol2mol_4_Compounds_ontop/graph-dock-hn62wh/node-reinvent/tb_logs
02:03:30 <INFO> Writing JSON config file to /home/a/REINVENT4/ReinventStudies/pleaseWork/justmol2mol_4_Compounds_ontop/graph-dock-hn62wh/node-reinvent/justmol2mol_4_Compounds_staged_2_learning.json
02:03:30 <INFO> Starting 1 stage of Reinforcement Learning
02:03:30 <ERRO> /home/a/REINVENT4/ReinventStudies/priors/mol2mol_similarity.prior has invalid hash:
{ 'comments': [],
  'creation_date': 0,
  'date_format': 'UNIX epoch',
  'hash_id': '3c6a77904318ad22c299806d686463f5',
  'hash_id_format': 'xxhash.xxh3_128_hex 3.4.1',
  'model_id': '595a7122492447e0b10b11b6cf47b2ae',
  'model_id_format': 'uuid.uuid4 3.10.12',
  'origina_data_source': 'ChEMBL 28',
  'updates': []}
02:03:30 <INFO> Number of network parameters: 17,462,400
02:03:30 <INFO> Network architecture:
EncoderDecoder(
  (encoder): Encoder(
    (layers): ModuleList(
      (0-5): 6 x EncoderLayer(
        (self_attn): MultiHeadedAttention(
          (linears): ModuleList(
            (0-3): 4 x Linear(in_features=256, out_features=256, bias=True)
          )
          (dropout): Dropout(p=0.1, inplace=False)
        )
        (feed_forward): PositionwiseFeedForward(
          (w_1): Linear(in_features=256, out_features=2048, bias=True)
          (w_2): Linear(in_features=2048, out_features=256, bias=True)
          (dropout): Dropout(p=0.1, inplace=False)
        )
        (sublayer): ModuleList(
          (0-1): 2 x SublayerConnection(
            (norm): LayerNorm()
            (dropout): Dropout(p=0.1, inplace=False)
          )
        )
      )
    )
    (norm): LayerNorm()
  )
  (decoder): Decoder(
    (layers): ModuleList(
      (0-5): 6 x DecoderLayer(
        (self_attn): MultiHeadedAttention(
          (linears): ModuleList(
            (0-3): 4 x Linear(in_features=256, out_features=256, bias=True)
          )
          (dropout): Dropout(p=0.1, inplace=False)
        )
        (src_attn): MultiHeadedAttention(
          (linears): ModuleList(
            (0-3): 4 x Linear(in_features=256, out_features=256, bias=True)
          )
          (dropout): Dropout(p=0.1, inplace=False)
        )
        (feed_forward): PositionwiseFeedForward(
          (w_1): Linear(in_features=256, out_features=2048, bias=True)
          (w_2): Linear(in_features=2048, out_features=256, bias=True)
          (dropout): Dropout(p=0.1, inplace=False)
        )
        (sublayer): ModuleList(
          (0-2): 3 x SublayerConnection(
            (norm): LayerNorm()
            (dropout): Dropout(p=0.1, inplace=False)
          )
        )
      )
    )
    (norm): LayerNorm()
  )
  (src_embed): Sequential(
    (0): Embeddings(
      (lut): Embedding(128, 256)
    )
    (1): PositionalEncoding(
      (dropout): Dropout(p=0.1, inplace=False)
    )
  )
  (tgt_embed): Sequential(
    (0): Embeddings(
      (lut): Embedding(128, 256)
    )
    (1): PositionalEncoding(
      (dropout): Dropout(p=0.1, inplace=False)
    )
  )
  (generator): Generator(
    (proj): Linear(in_features=256, out_features=128, bias=True)
  )
)
02:03:31 <INFO> /home/a/REINVENT4/ReinventStudies/priors/justmol2mol_4_compounds_staged_learning_1.chkpt has valid hash:
{ 'comments': ['RL'],
  'creation_date': 0,
  'date_format': 'UNIX epoch',
  'hash_id': '66b6060b35f3fc3eb2943f10d519c62d',
  'hash_id_format': 'xxhash.xxh3_128_hex 3.5.0',
  'model_id': '595a7122492447e0b10b11b6cf47b2ae',
  'model_id_format': 'uuid.uuid4 3.10.12',
  'origina_data_source': 'ChEMBL 28',
  'updates': [1756708181.2555985]}
02:03:31 <INFO> Number of network parameters: 17,462,400
02:03:31 <INFO> Network architecture:
EncoderDecoder(
  (encoder): Encoder(
    (layers): ModuleList(
      (0-5): 6 x EncoderLayer(
        (self_attn): MultiHeadedAttention(
          (linears): ModuleList(
            (0-3): 4 x Linear(in_features=256, out_features=256, bias=True)
          )
          (dropout): Dropout(p=0.1, inplace=False)
        )
        (feed_forward): PositionwiseFeedForward(
          (w_1): Linear(in_features=256, out_features=2048, bias=True)
          (w_2): Linear(in_features=2048, out_features=256, bias=True)
          (dropout): Dropout(p=0.1, inplace=False)
        )
        (sublayer): ModuleList(
          (0-1): 2 x SublayerConnection(
            (norm): LayerNorm()
            (dropout): Dropout(p=0.1, inplace=False)
          )
        )
      )
    )
    (norm): LayerNorm()
  )
  (decoder): Decoder(
    (layers): ModuleList(
      (0-5): 6 x DecoderLayer(
        (self_attn): MultiHeadedAttention(
          (linears): ModuleList(
            (0-3): 4 x Linear(in_features=256, out_features=256, bias=True)
          )
          (dropout): Dropout(p=0.1, inplace=False)
        )
        (src_attn): MultiHeadedAttention(
          (linears): ModuleList(
            (0-3): 4 x Linear(in_features=256, out_features=256, bias=True)
          )
          (dropout): Dropout(p=0.1, inplace=False)
        )
        (feed_forward): PositionwiseFeedForward(
          (w_1): Linear(in_features=256, out_features=2048, bias=True)
          (w_2): Linear(in_features=2048, out_features=256, bias=True)
          (dropout): Dropout(p=0.1, inplace=False)
        )
        (sublayer): ModuleList(
          (0-2): 3 x SublayerConnection(
            (norm): LayerNorm()
            (dropout): Dropout(p=0.1, inplace=False)
          )
        )
      )
    )
    (norm): LayerNorm()
  )
  (src_embed): Sequential(
    (0): Embeddings(
      (lut): Embedding(128, 256)
    )
    (1): PositionalEncoding(
      (dropout): Dropout(p=0.1, inplace=False)
    )
  )
  (tgt_embed): Sequential(
    (0): Embeddings(
      (lut): Embedding(128, 256)
    )
    (1): PositionalEncoding(
      (dropout): Dropout(p=0.1, inplace=False)
    )
  )
  (generator): Generator(
    (proj): Linear(in_features=256, out_features=128, bias=True)
  )
)
02:03:31 <INFO> Using generator Mol2Mol
02:03:31 <INFO> Prior read from /home/a/REINVENT4/ReinventStudies/priors/mol2mol_similarity.prior
02:03:31 <INFO> Agent read from /home/a/REINVENT4/ReinventStudies/priors/justmol2mol_4_compounds_staged_learning_1.chkpt
02:03:31 <INFO> Input molecules/fragments read from file /home/a/REINVENT4/ReinventStudies/mols/Rad51/cam833.smi
02:03:31 <WARN> randomize_smiles was set to True but the model was not trained with randomized SMILES.  Setting randomize_smiles to False.
02:03:31 <INFO> Using reward strategy dap
02:03:31 <INFO> Using diversity filter from /home/a/REINVENT4/ReinventStudies/priors/justmol2mol_4_compounds_staged_learning_1.chkpt
02:03:31 <INFO> Diversity filter memories are retained between stages
02:03:31 <INFO> Registered scoring component ROCSSimilarity
02:03:31 <INFO> Registered scoring component GroupCount
02:03:31 <INFO> Registered scoring component FragmentQed
02:03:31 <INFO> Registered scoring component FragmentSlogP
02:03:31 <INFO> Registered scoring component FragmentMolecularWeight
02:03:31 <INFO> Registered scoring component FragmentTPSA
02:03:31 <INFO> Registered scoring component FragmentDistanceMatrix
02:03:31 <INFO> Registered scoring component FragmentNumAtomStereoCenters
02:03:31 <INFO> Registered scoring component FragmentHBondAcceptors
02:03:31 <INFO> Registered scoring component FragmentHBondDonors
02:03:31 <INFO> Registered scoring component FragmentNumRotBond
02:03:31 <INFO> Registered scoring component FragmentCsp3
02:03:31 <INFO> Registered scoring component Fragmentnumsp
02:03:31 <INFO> Registered scoring component Fragmentnumsp2
02:03:31 <INFO> Registered scoring component Fragmentnumsp3
02:03:31 <INFO> Registered scoring component FragmentEffectiveLength
02:03:31 <INFO> Registered scoring component FragmentGraphLength
02:03:31 <INFO> Registered scoring component FragmentLengthRatio
02:03:31 <INFO> Registered scoring component FragmentNumHeavyAtoms
02:03:31 <INFO> Registered scoring component FragmentNumHeteroAtoms
02:03:31 <INFO> Registered scoring component FragmentNumRings
02:03:31 <INFO> Registered scoring component FragmentNumAromaticRings
02:03:31 <INFO> Registered scoring component FragmentNumAliphaticRings
02:03:31 <INFO> Registered scoring component FragmentSlogP
02:03:31 <INFO> Registered scoring component MatchingSubstructure
02:03:31 <INFO> Registered scoring component MolVolume
02:03:31 <INFO> Registered scoring component Qed
02:03:31 <INFO> Registered scoring component LargestRingSize
02:03:31 <INFO> Registered scoring component MolecularWeight
02:03:31 <INFO> Registered scoring component GraphLength
02:03:31 <INFO> Registered scoring component NumAtomStereoCenters
02:03:31 <INFO> Registered scoring component HBondAcceptors
02:03:31 <INFO> Registered scoring component HBondDonors
02:03:31 <INFO> Registered scoring component NumRotBond
02:03:31 <INFO> Registered scoring component Csp3
02:03:31 <INFO> Registered scoring component numsp
02:03:31 <INFO> Registered scoring component numsp2
02:03:31 <INFO> Registered scoring component numsp3
02:03:31 <INFO> Registered scoring component NumHeavyAtoms
02:03:31 <INFO> Registered scoring component NumHeteroAtoms
02:03:31 <INFO> Registered scoring component NumRings
02:03:31 <INFO> Registered scoring component NumAromaticRings
02:03:31 <INFO> Registered scoring component NumAliphaticRings
02:03:31 <INFO> Registered scoring component SlogP
02:03:31 <INFO> Registered scoring component LargestRingSize
02:03:31 <INFO> Registered scoring component PMI
02:03:31 <INFO> Registered scoring component RDKitDescriptors
02:03:31 <INFO> Registered scoring component TanimotoSimilarity
02:03:31 <INFO> Registered scoring component TanimotoDistance
02:03:31 <INFO> Registered scoring component TPSA
02:03:31 <INFO> Registered scoring component SAScore
02:03:31 <INFO> Registered scoring component Cazp
02:03:32 <INFO> Registered scoring component ChemProp
02:03:32 <INFO> Registered scoring component CustomAlerts
02:03:32 <INFO> Registered scoring component DockStream
02:03:32 <INFO> Registered scoring component ExternalProcess
02:03:32 <INFO> Registered scoring component REST
02:03:32 <INFO> Registered scoring component Icolos
02:03:32 <INFO> Registered scoring component Maize
02:03:32 <INFO> Registered scoring component MMP
02:03:32 <INFO> Registered scoring component Qptuna
02:03:32 <INFO> Registered scoring component ReactionFilter
02:03:32 <INFO> Registered scoring component RingPrecedence
02:03:32 <INFO> Creating filter component custom_alerts
02:03:32 <INFO> Creating scoring component QED
02:03:32 <INFO> Creating scoring component TanimotoDistance
02:03:32 <INFO> Creating scoring component ExternalProcess
02:03:32 <INFO> Writing tabular data for stage to justmol2mol_4_compounds_staged_2_1.csv
02:03:32 <INFO> Starting stage 1 <<<
02:03:32 <INFO> Current GPU memory usage: 1711 MiB used, 20863 MiB free
